ARM Linker, 5.03 [Build 24] [MDK-ARM Standard]

==============================================================================

Section Cross References

    main.o(i.advertising_init) refers to memseta.o(.text) for __aeabi_memclr4
    main.o(i.advertising_init) refers to ble_advertising.o(i.ble_advertising_init) for ble_advertising_init
    main.o(i.advertising_init) refers to app_error.o(i.app_error_handler) for app_error_handler
    main.o(i.advertising_init) refers to main.o(.data) for .data
    main.o(i.advertising_init) refers to main.o(i.on_adv_evt) for on_adv_evt
    main.o(i.assert_nrf_callback) refers to app_error.o(i.app_error_handler) for app_error_handler
    main.o(i.ble_evt_dispatch) refers to ble_conn_params.o(i.ble_conn_params_on_ble_evt) for ble_conn_params_on_ble_evt
    main.o(i.ble_evt_dispatch) refers to ble_nus.o(i.ble_nus_on_ble_evt) for ble_nus_on_ble_evt
    main.o(i.ble_evt_dispatch) refers to main.o(i.on_ble_evt) for on_ble_evt
    main.o(i.ble_evt_dispatch) refers to ble_advertising.o(i.ble_advertising_on_ble_evt) for ble_advertising_on_ble_evt
    main.o(i.ble_evt_dispatch) refers to bsp_btn_ble.o(i.bsp_btn_ble_on_ble_evt) for bsp_btn_ble_on_ble_evt
    main.o(i.ble_evt_dispatch) refers to main.o(.bss) for .bss
    main.o(i.bsp_event_handler) refers to main.o(i.sleep_mode_enter) for sleep_mode_enter
    main.o(i.bsp_event_handler) refers to app_error.o(i.app_error_handler) for app_error_handler
    main.o(i.bsp_event_handler) refers to ble_advertising.o(i.ble_advertising_restart_without_whitelist) for ble_advertising_restart_without_whitelist
    main.o(i.bsp_event_handler) refers to main.o(.data) for .data
    main.o(i.conn_params_error_handler) refers to app_error.o(i.app_error_handler) for app_error_handler
    main.o(i.main) refers to app_timer.o(i.app_timer_init) for app_timer_init
    main.o(i.main) refers to app_error.o(i.app_error_handler) for app_error_handler
    main.o(i.main) refers to app_uart_fifo.o(i.app_uart_init) for app_uart_init
    main.o(i.main) refers to bsp.o(i.bsp_init) for bsp_init
    main.o(i.main) refers to bsp_btn_ble.o(i.bsp_btn_ble_init) for bsp_btn_ble_init
    main.o(i.main) refers to softdevice_handler.o(i.softdevice_handler_init) for softdevice_handler_init
    main.o(i.main) refers to softdevice_handler.o(i.softdevice_ble_evt_handler_set) for softdevice_ble_evt_handler_set
    main.o(i.main) refers to ble_nus.o(i.ble_nus_init) for ble_nus_init
    main.o(i.main) refers to main.o(i.advertising_init) for advertising_init
    main.o(i.main) refers to memseta.o(.text) for __aeabi_memclr4
    main.o(i.main) refers to ble_conn_params.o(i.ble_conn_params_init) for ble_conn_params_init
    main.o(i.main) refers to printf2.o(i.__0printf$2) for __2printf
    main.o(i.main) refers to ble_advertising.o(i.ble_advertising_start) for ble_advertising_start
    main.o(i.main) refers to main.o(.bss) for .bss
    main.o(i.main) refers to main.o(.constdata) for .constdata
    main.o(i.main) refers to main.o(i.uart_event_handle) for uart_event_handle
    main.o(i.main) refers to main.o(i.bsp_event_handler) for bsp_event_handler
    main.o(i.main) refers to main.o(i.ble_evt_dispatch) for ble_evt_dispatch
    main.o(i.main) refers to main.o(i.nus_data_handler) for nus_data_handler
    main.o(i.main) refers to main.o(i.on_conn_params_evt) for on_conn_params_evt
    main.o(i.main) refers to main.o(i.conn_params_error_handler) for conn_params_error_handler
    main.o(i.nus_data_handler) refers to app_uart_fifo.o(i.app_uart_put) for app_uart_put
    main.o(i.on_adv_evt) refers to bsp.o(i.bsp_indication_set) for bsp_indication_set
    main.o(i.on_adv_evt) refers to app_error.o(i.app_error_handler) for app_error_handler
    main.o(i.on_adv_evt) refers to main.o(i.sleep_mode_enter) for sleep_mode_enter
    main.o(i.on_ble_evt) refers to app_error.o(i.app_error_handler) for app_error_handler
    main.o(i.on_ble_evt) refers to bsp.o(i.bsp_indication_set) for bsp_indication_set
    main.o(i.on_ble_evt) refers to main.o(.data) for .data
    main.o(i.on_conn_params_evt) refers to app_error.o(i.app_error_handler) for app_error_handler
    main.o(i.on_conn_params_evt) refers to main.o(.data) for .data
    main.o(i.sleep_mode_enter) refers to bsp.o(i.bsp_indication_set) for bsp_indication_set
    main.o(i.sleep_mode_enter) refers to app_error.o(i.app_error_handler) for app_error_handler
    main.o(i.sleep_mode_enter) refers to bsp_btn_ble.o(i.bsp_btn_ble_sleep_mode_prepare) for bsp_btn_ble_sleep_mode_prepare
    main.o(i.uart_event_handle) refers to app_error.o(i.app_error_handler) for app_error_handler
    main.o(i.uart_event_handle) refers to app_uart_fifo.o(i.app_uart_get) for app_uart_get
    main.o(i.uart_event_handle) refers to ble_nus.o(i.ble_nus_string_send) for ble_nus_string_send
    main.o(i.uart_event_handle) refers to main.o(.bss) for .bss
    main.o(i.uart_event_handle) refers to main.o(.data) for .data
[...]
    Removing system_nrf51.o(i.SystemCoreClockUpdate), (16 bytes).
    Removing ble_advertising.o(.rev16_text), (4 bytes).
    Removing ble_advertising.o(.revsh_text), (4 bytes).
    Removing ble_advertising.o(i.ble_advertising_on_sys_evt), (48 bytes).
    Removing ble_advertising.o(i.ble_advertising_peer_addr_reply), (48 bytes).
    Removing ble_advertising.o(i.ble_advertising_whitelist_reply), (84 bytes).
    Removing ble_conn_params.o(i.ble_conn_params_change_conn_params), (80 bytes).
    Removing ble_conn_params.o(i.ble_conn_params_stop), (16 bytes).
    Removing ble_srv_common.o(i.ble_srv_ascii_to_utf8), (18 bytes).
    Removing ble_srv_common.o(i.ble_srv_report_ref_encode), (12 bytes).
    Removing ble_srv_common.o(i.characteristic_add), (400 bytes).
    Removing ble_srv_common.o(i.descriptor_add), (178 bytes).
    Removing ble_srv_common.o(i.set_security_req), (50 bytes).
    Removing app_uart_fifo.o(.rev16_text), (4 bytes).
    Removing app_uart_fifo.o(.revsh_text), (4 bytes).
    Removing app_uart_fifo.o(i.app_uart_close), (10 bytes).
    Removing app_uart_fifo.o(i.app_uart_flush), (28 bytes).
    Removing nrf_delay.o(.rev16_text), (4 bytes).
    Removing nrf_delay.o(.revsh_text), (4 bytes).
    Removing nrf_delay.o(.emb_text), (30 bytes).
    Removing nrf_delay.o(i.nrf_delay_ms), (28 bytes).
    Removing nrf_drv_common.o(.rev16_text), (4 bytes).
    Removing nrf_drv_common.o(.revsh_text), (4 bytes).
    Removing nrf_drv_gpiote.o(.rev16_text), (4 bytes).
    Removing nrf_drv_gpiote.o(.revsh_text), (4 bytes).
    Removing nrf_drv_gpiote.o(i.nrf_drv_gpiote_in_event_addr_get), (24 bytes).
    Removing nrf_drv_gpiote.o(i.nrf_drv_gpiote_in_event_disable), (72 bytes).
    Removing nrf_drv_gpiote.o(i.nrf_drv_gpiote_in_uninit), (76 bytes).
    Removing nrf_drv_gpiote.o(i.nrf_drv_gpiote_out_clear), (16 bytes).
    Removing nrf_drv_gpiote.o(i.nrf_drv_gpiote_out_init), (152 bytes).
    Removing nrf_drv_gpiote.o(i.nrf_drv_gpiote_out_set), (16 bytes).
    Removing nrf_drv_gpiote.o(i.nrf_drv_gpiote_out_task_addr_get), (20 bytes).
    Removing nrf_drv_gpiote.o(i.nrf_drv_gpiote_out_task_disable), (32 bytes).
    Removing nrf_drv_gpiote.o(i.nrf_drv_gpiote_out_task_enable), (48 bytes).
    Removing nrf_drv_gpiote.o(i.nrf_drv_gpiote_out_task_force), (44 bytes).
    Removing nrf_drv_gpiote.o(i.nrf_drv_gpiote_out_task_trigger), (24 bytes).
    Removing nrf_drv_gpiote.o(i.nrf_drv_gpiote_out_toggle), (28 bytes).
    Removing nrf_drv_gpiote.o(i.nrf_drv_gpiote_out_uninit), (68 bytes).
    Removing nrf_drv_gpiote.o(i.nrf_drv_gpiote_uninit), (60 bytes).
    Removing nrf_drv_gpiote.o(i.nrf_gpio_cfg_default), (18 bytes).
    Removing nrf_drv_uart.o(.rev16_text), (4 bytes).
    Removing nrf_drv_uart.o(.revsh_text), (4 bytes).
    Removing nrf_drv_uart.o(i.nrf_drv_uart_errorsrc_get), (24 bytes).
    Removing nrf_drv_uart.o(i.nrf_drv_uart_rx_abort), (24 bytes).
    Removing nrf_drv_uart.o(i.nrf_drv_uart_rx_disable), (24 bytes).
    Removing nrf_drv_uart.o(i.nrf_drv_uart_tx_abort), (44 bytes).
    Removing nrf_drv_uart.o(i.nrf_drv_uart_uninit), (128 bytes).
    Removing nrf_drv_uart.o(i.nrf_gpio_cfg_default), (18 bytes).
    Removing pstorage.o(.rev16_text), (4 bytes).
    Removing pstorage.o(.revsh_text), (4 bytes).
    Removing pstorage.o(i.app_notify), (44 bytes).
    Removing pstorage.o(i.app_notify_error_state_transit), (32 bytes).
    Removing pstorage.o(i.clear_operation_execute), (248 bytes).
    Removing pstorage.o(i.clear_post_processing_run), (36 bytes).
    Removing pstorage.o(i.cmd_process), (56 bytes).
    Removing pstorage.o(i.cmd_queue_element_init), (32 bytes).
    Removing pstorage.o(i.cmd_queue_enqueue), (76 bytes).
    Removing pstorage.o(i.command_end_procedure_run), (60 bytes).
    Removing pstorage.o(i.data_page_erase_state_run), (84 bytes).
    Removing pstorage.o(i.data_to_swap_write_state_run), (40 bytes).
    Removing pstorage.o(i.flash_api_err_code_process), (32 bytes).
    Removing pstorage.o(i.flash_operation_success_run), (128 bytes).
    Removing pstorage.o(i.flash_page_erase), (10 bytes).
    Removing pstorage.o(i.flash_write), (10 bytes).
    Removing pstorage.o(i.head_restore_state_run), (120 bytes).
    Removing pstorage.o(i.is_page_erase_required), (68 bytes).
    Removing pstorage.o(i.is_word_aligned), (12 bytes).
    Removing pstorage.o(i.main_state_err_busy_process), (24 bytes).
    Removing pstorage.o(i.pstorage_block_identifier_get), (84 bytes).
    Removing pstorage.o(i.pstorage_clear), (164 bytes).
    Removing pstorage.o(i.pstorage_flash_page_end), (36 bytes).
    Removing pstorage.o(i.pstorage_flash_page_size), (10 bytes).
    Removing pstorage.o(i.pstorage_init), (76 bytes).
    Removing pstorage.o(i.pstorage_load), (168 bytes).
    Removing pstorage.o(i.pstorage_register), (188 bytes).
    Removing pstorage.o(i.pstorage_store), (144 bytes).
    Removing pstorage.o(i.pstorage_sys_event_handler), (76 bytes).
    Removing pstorage.o(i.pstorage_update), (144 bytes).
    Removing pstorage.o(i.sm_state_change), (72 bytes).
    Removing pstorage.o(i.state_data_erase_swap_entry_run), (100 bytes).
    Removing pstorage.o(i.state_erase_data_page_entry_run), (16 bytes).
    Removing pstorage.o(i.state_restore_head_entry_run), (40 bytes).
    Removing pstorage.o(i.state_restore_tail_entry_run), (76 bytes).
    Removing pstorage.o(i.state_swap_erase_entry_run), (32 bytes).
    Removing pstorage.o(i.state_write_data_swap_entry_run), (48 bytes).
    Removing pstorage.o(i.store_cmd_flash_write_execute), (92 bytes).
    Removing pstorage.o(i.swap_erase_state_run), (28 bytes).
    Removing pstorage.o(i.swap_sub_state_err_busy_process), (24 bytes).
    Removing pstorage.o(i.swap_sub_state_state_change), (20 bytes).
    Removing pstorage.o(i.tail_restore_state_run), (28 bytes).
    Removing pstorage.o(.constdata), (40 bytes).
    Removing app_button.o(.rev16_text), (4 bytes).
    Removing app_button.o(.revsh_text), (4 bytes).
    Removing app_button.o(i.app_button_disable), (44 bytes).
    Removing app_button.o(i.app_button_is_pushed), (44 bytes).
    Removing app_error.o(.rev16_text), (4 bytes).
    Removing app_error.o(.revsh_text), (4 bytes).
    Removing app_fifo.o(i.app_fifo_flush), (8 bytes).
    Removing app_fifo.o(i.app_fifo_read), (70 bytes).
    Removing app_fifo.o(i.app_fifo_write), (76 bytes).
    Removing app_timer.o(.rev16_text), (4 bytes).
    Removing app_timer.o(.revsh_text), (4 bytes).
    Removing app_timer.o(i.app_timer_cnt_diff_compute), (12 bytes).
    Removing app_timer.o(i.app_timer_cnt_get), (16 bytes).
    Removing app_timer.o(i.app_timer_stop_all), (68 bytes).
    Removing retarget.o(.rev16_text), (4 bytes).
    Removing retarget.o(.revsh_text), (4 bytes).
    Removing retarget.o(i.fgetc), (18 bytes).
    Removing retarget.o(.data), (4 bytes).
    Removing softdevice_handler.o(.rev16_text), (4 bytes).
    Removing softdevice_handler.o(.revsh_text), (4 bytes).
    Removing softdevice_handler.o(i.softdevice_handler_isEnabled), (12 bytes).
    Removing softdevice_handler.o(i.softdevice_handler_sd_disable), (24 bytes).
    Removing softdevice_handler.o(i.softdevice_sys_evt_handler_set), (20 bytes).
    Removing dadd.o(.text), (356 bytes).
    Removing dmul.o(.text), (208 bytes).
    Removing ddiv.o(.text), (240 bytes).
    Removing dfixul.o(.text), (64 bytes).
    Removing cdrcmple.o(.text), (40 bytes).
    Removing depilogue.o(.text), (192 bytes).
    Removing depilogue.o(i.__ARM_clz), (46 bytes).

135 unused section(s) (total 8666 bytes) removed from the image.

==============================================================================

Image Symbol Table

    Local Symbols

    Symbol Name                              Value     Ov Type        Size  Object(Section)

    ../clib/microlib/division.c              0x00000000   Number         0  uidiv.o ABSOLUTE
    ../clib/microlib/division.c              0x00000000   Number         0  uldiv.o ABSOLUTE
    ../clib/microlib/division.c              0x00000000   Number         0  idiv.o ABSOLUTE
    ../clib/microlib/init/entry.s            0x00000000   Number         0  entry7b.o ABSOLUTE
    ../clib/microlib/init/entry.s            0x00000000   Number         0  entry8a.o ABSOLUTE
    ../clib/microlib/init/entry.s            0x00000000   Number         0  entry8b.o ABSOLUTE
    ../clib/microlib/init/entry.s            0x00000000   Number         0  entry9b.o ABSOLUTE
    ../clib/microlib/init/entry.s            0x00000000   Number         0  entry.o ABSOLUTE
    ../clib/microlib/init/entry.s            0x00000000   Number         0  entry11a.o ABSOLUTE
    ../clib/microlib/init/entry.s            0x00000000   Number         0  entry10a.o ABSOLUTE
    ../clib/microlib/init/entry.s            0x00000000   Number         0  entry11b.o ABSOLUTE
    ../clib/microlib/init/entry.s            0x00000000   Number         0  entry10b.o ABSOLUTE
    ../clib/microlib/init/entry.s            0x00000000   Number         0  entry9a.o ABSOLUTE
    ../clib/microlib/init/entry.s            0x00000000   Number         0  entry2.o ABSOLUTE
    ../clib/microlib/init/entry.s            0x00000000   Number         0  entry5.o ABSOLUTE
    ../clib/microlib/init/entry.s            0x00000000   Number         0  entry7a.o ABSOLUTE
    ../clib/microlib/longlong.c              0x00000000   Number         0  llsshr.o ABSOLUTE
    ../clib/microlib/longlong.c              0x00000000   Number         0  llushr.o ABSOLUTE
    ../clib/microlib/longlong.c              0x00000000   Number         0  llshl.o ABSOLUTE
    ../clib/microlib/printf/printf.c         0x00000000   Number         0  printf8.o ABSOLUTE
    ../clib/microlib/printf/printf.c         0x00000000   Number         0  printf1.o ABSOLUTE
    ../clib/microlib/printf/printf.c         0x00000000   Number         0  printfb.o ABSOLUTE
    ../clib/microlib/printf/printf.c         0x00000000   Number         0  printf0.o ABSOLUTE
    ../clib/microlib/printf/printf.c         0x00000000   Number         0  printf2.o ABSOLUTE
    ../clib/microlib/printf/printf.c         0x00000000   Number         0  printf3.o ABSOLUTE
    ../clib/microlib/printf/printf.c         0x00000000   Number         0  printf4.o ABSOLUTE
    ../clib/microlib/printf/printf.c         0x00000000   Number         0  printf5.o ABSOLUTE
    ../clib/microlib/printf/printf.c         0x00000000   Number         0  printf7.o ABSOLUTE
    ../clib/microlib/printf/printf.c         0x00000000   Number         0  printf6.o ABSOLUTE
    ../clib/microlib/printf/printf.c         0x00000000   Number         0  printfa.o ABSOLUTE
    ../clib/microlib/printf/stubs.s          0x00000000   Number         0  stubs.o ABSOLUTE
    ../clib/microlib/string/memcpy.c         0x00000000   Number         0  memcpya.o ABSOLUTE
    ../clib/microlib/string/memcpy.c         0x00000000   Number         0  memcpyb.o ABSOLUTE
    ../clib/microlib/string/memset.c         0x00000000   Number         0  memseta.o ABSOLUTE
    ../clib/microlib/string/strlen.c         0x00000000   Number         0  strlen.o ABSOLUTE
    ../clib/microlib/stubs.s                 0x00000000   Number         0  iusefp.o ABSOLUTE
    ../fplib/microlib/fpadd.c                0x00000000   Number         0  dadd.o ABSOLUTE
    ../fplib/microlib/fpdiv.c                0x00000000   Number         0  ddiv.o ABSOLUTE
    ../fplib/microlib/fpepilogue.c           0x00000000   Number         0  depilogue.o ABSOLUTE
    ../fplib/microlib/fpfix.c                0x00000000   Number         0  dfixul.o ABSOLUTE
    ../fplib/microlib/fpmul.c                0x00000000   Number         0  dmul.o ABSOLUTE
    ..\..\..\..\..\..\components\ble\ble_advertising\ble_advertising.c 0x00000000   Number         0  ble_advertising.o ABSOLUTE
    ..\..\..\..\..\..\components\ble\ble_services\ble_nus\ble_nus.c 0x00000000   Number         0  ble_nus.o ABSOLUTE
    ..\..\..\..\..\..\components\ble\common\ble_advdata.c 0x00000000   Number         0  ble_advdata.o ABSOLUTE
    ..\..\..\..\..\..\components\ble\common\ble_conn_params.c 0x00000000   Number         0  ble_conn_params.o ABSOLUTE
    ..\..\..\..\..\..\components\ble\common\ble_srv_common.c 0x00000000   Number         0  ble_srv_common.o ABSOLUTE
    ..\..\..\..\..\..\components\drivers_nrf\common\nrf_drv_common.c 0x00000000   Number         0  nrf_drv_common.o ABSOLUTE
    ..\..\..\..\..\..\components\drivers_nrf\delay\nrf_delay.c 0x00000000   Number         0  nrf_delay.o ABSOLUTE
    ..\..\..\..\..\..\components\drivers_nrf\gpiote\nrf_drv_gpiote.c 0x00000000   Number         0  nrf_drv_gpiote.o ABSOLUTE
    ..\..\..\..\..\..\components\drivers_nrf\pstorage\pstorage.c 0x00000000   Number         0  pstorage.o ABSOLUTE
    ..\..\..\..\..\..\components\drivers_nrf\uart\nrf_drv_uart.c 0x00000000   Number         0  nrf_drv_uart.o ABSOLUTE
    ..\..\..\..\..\..\components\libraries\button\app_button.c 0x00000000   Number         0  app_button.o ABSOLUTE
    ..\..\..\..\..\..\components\libraries\fifo\app_fifo.c 0x00000000   Number         0  app_fifo.o ABSOLUTE
    ..\..\..\..\..\..\components\libraries\timer\app_timer.c 0x00000000   Number         0  app_timer.o ABSOLUTE
    ..\..\..\..\..\..\components\libraries\trace\app_trace.c 0x00000000   Number         0  app_trace.o ABSOLUTE
    ..\..\..\..\..\..\components\libraries\uart\app_uart_fifo.c 0x00000000   Number         0  app_uart_fifo.o ABSOLUTE
    ..\..\..\..\..\..\components\libraries\uart\retarget.c 0x00000000   Number         0  retarget.o ABSOLUTE
    ..\..\..\..\..\..\components\libraries\util\app_error.c 0x00000000   Number         0  app_error.o ABSOLUTE
    ..\..\..\..\..\..\components\libraries\util\nrf_assert.c 0x00000000   Number         0  nrf_assert.o ABSOLUTE
    ..\..\..\..\..\..\components\softdevice\common\softdevice_handler\softdevice_handler.c 0x00000000   Number         0  softdevice_handler.o ABSOLUTE
    ..\..\..\..\..\..\components\toolchain\arm\arm_startup_nrf51.s 0x00000000   Number         0  arm_startup_nrf51.o ABSOLUTE
    ..\..\..\..\..\..\components\toolchain\system_nrf51.c 0x00000000   Number         0  system_nrf51.o ABSOLUTE
    ..\..\..\..\..\bsp\bsp.c                 0x00000000   Number         0  bsp.o ABSOLUTE
    ..\..\..\..\..\bsp\bsp_btn_ble.c         0x00000000   Number         0  bsp_btn_ble.o ABSOLUTE
    ..\..\..\main.c                          0x00000000   Number         0  main.o ABSOLUTE
    ..\\..\\..\\..\\..\\..\\components\\ble\\ble_advertising\\ble_advertising.c 0x00000000   Number         0  ble_advertising.o ABSOLUTE
    ..\\..\\..\\..\\..\\..\\components\\drivers_nrf\\common\\nrf_drv_common.c 0x00000000   Number         0  nrf_drv_common.o ABSOLUTE
    ..\\..\\..\\..\\..\\..\\components\\drivers_nrf\\delay\\nrf_delay.c 0x00000000   Number         0  nrf_delay.o ABSOLUTE
    ..\\..\\..\\..\\..\\..\\components\\drivers_nrf\\gpiote\\nrf_drv_gpiote.c 0x00000000   Number         0  nrf_drv_gpiote.o ABSOLUTE
    ..\\..\\..\\..\\..\\..\\components\\drivers_nrf\\pstorage\\pstorage.c 0x00000000   Number         0  pstorage.o ABSOLUTE
    ..\\..\\..\\..\\..\\..\\components\\drivers_nrf\\uart\\nrf_drv_uart.c 0x00000000   Number         0  nrf_drv_uart.o ABSOLUTE
    ..\\..\\..\\..\\..\\..\\components\\libraries\\button\\app_button.c 0x00000000   Number         0  app_button.o ABSOLUTE
    ..\\..\\..\\..\\..\\..\\components\\libraries\\timer\\app_timer.c 0x00000000   Number         0  app_timer.o ABSOLUTE
    ..\\..\\..\\..\\..\\..\\components\\libraries\\uart\\app_uart_fifo.c 0x00000000   Number         0  app_uart_fifo.o ABSOLUTE
    ..\\..\\..\\..\\..\\..\\components\\libraries\\uart\\retarget.c 0x00000000   Number         0  retarget.o ABSOLUTE
    ..\\..\\..\\..\\..\\..\\components\\libraries\\util\\app_error.c 0x00000000   Number         0  app_error.o ABSOLUTE
    ..\\..\\..\\..\\..\\..\\components\\softdevice\\common\\softdevice_handler\\softdevice_handler.c 0x00000000   Number         0  softdevice_handler.o ABSOLUTE
    ..\\..\\..\\..\\..\\..\\components\\toolchain\\system_nrf51.c 0x00000000   Number         0  system_nrf51.o ABSOLUTE
    ..\\..\\..\\..\\..\\bsp\\bsp.c           0x00000000   Number         0  bsp.o ABSOLUTE
    ..\\..\\..\\..\\..\\bsp\\bsp_btn_ble.c   0x00000000   Number         0  bsp_btn_ble.o ABSOLUTE
    ..\\..\\..\\main.c                       0x00000000   Number         0  main.o ABSOLUTE
    cdrcmple.s                               0x00000000   Number         0  cdrcmple.o ABSOLUTE
    dc.s                                     0x00000000   Number         0  dc.o ABSOLUTE
    handlers.s                               0x00000000   Number         0  handlers.o ABSOLUTE
    init.s                                   0x00000000   Number         0  init.o ABSOLUTE
    RESET                                    0x00018000   Section      192  arm_startup_nrf51.o(RESET)
    .ARM.Collect$$$$00000000                 0x000180c0   Section        0  entry.o(.ARM.Collect$$$$00000000)
    .ARM.Collect$$$$00000001                 0x000180c0   Section        4  entry2.o(.ARM.Collect$$$$00000001)
    .ARM.Collect$$$$00000004                 0x000180c4   Section        4  entry5.o(.ARM.Collect$$$$00000004)
    .ARM.Collect$$$$00000008                 0x000180c8   Section        0  entry7b.o(.ARM.Collect$$$$00000008)
    .ARM.Collect$$$$0000000A                 0x000180c8   Section        0  entry8b.o(.ARM.Collect$$$$0000000A)
    .ARM.Collect$$$$0000000B                 0x000180c8   Section        8  entry9a.o(.ARM.Collect$$$$0000000B)
    .ARM.Collect$$$$0000000D                 0x000180d0   Section        0  entry10a.o(.ARM.Collect$$$$0000000D)
    .ARM.Collect$$$$0000000F                 0x000180d0   Section        0  entry11a.o(.ARM.Collect$$$$0000000F)
    .ARM.Collect$$$$00002712                 0x000180d0   Section        4  entry2.o(.ARM.Collect$$$$00002712)
    __lit__00000000                          0x000180d0   Data           4  entry2.o(.ARM.Collect$$$$00002712)
    .emb_text                                0x000180d4   Section       30  app_timer.o(.emb_text)
    .text                                    0x000180f4   Section       56  arm_startup_nrf51.o(.text)
    .text                                    0x0001812c   Section        0  uidiv.o(.text)
    .text                                    0x00018158   Section        0  memcpya.o(.text)
    .text                                    0x0001817c   Section        0  memseta.o(.text)
    .text                                    0x000181a0   Section       36  init.o(.text)
    i.GPIOTE_IRQHandler                      0x000181c4   Section        0  nrf_drv_gpiote.o(i.GPIOTE_IRQHandler)
    i.NVIC_SetPriority                       0x000182cc   Section        0  app_timer.o(i.NVIC_SetPriority)
    NVIC_SetPriority                         0x000182cd   Thumb Code    60  app_timer.o(i.NVIC_SetPriority)
    i.RTC1_IRQHandler                        0x00018310   Section        0  app_timer.o(i.RTC1_IRQHandler)
    i.SWI0_IRQHandler                        0x00018330   Section        0  app_timer.o(i.SWI0_IRQHandler)
    i.SWI2_IRQHandler                        0x00018338   Section        0  softdevice_handler.o(i.SWI2_IRQHandler)
    i.SystemInit                             0x0001835c   Section        0  system_nrf51.o(i.SystemInit)
    i.UART0_IRQHandler                       0x000183b0   Section        0  nrf_drv_uart.o(i.UART0_IRQHandler)
    i.__0printf$2                            0x000184b0   Section        0  printf2.o(i.__0printf$2)
    i.__ARM_common_switch8                   0x000184d0   Section        0  bsp.o(i.__ARM_common_switch8)
    i.__scatterload_copy                     0x000184ea   Section       14  handlers.o(i.__scatterload_copy)
    i.__scatterload_null                     0x000184f8   Section        2  handlers.o(i.__scatterload_null)
    i.__scatterload_zeroinit                 0x000184fa   Section       14  handlers.o(i.__scatterload_zeroinit)
    i._printf_core                           0x00018508   Section        0  printf2.o(i._printf_core)
    _printf_core                             0x00018509   Thumb Code   202  printf2.o(i._printf_core)
    i.adv_data_encode                        0x000185d2   Section        0  ble_advdata.o(i.adv_data_encode)
    i.advertising_buttons_configure          0x000187e8   Section        0  bsp_btn_ble.o(i.advertising_buttons_configure)
    advertising_buttons_configure            0x000187e9   Thumb Code    60  bsp_btn_ble.o(i.advertising_buttons_configure)
    i.advertising_init                       0x00018824   Section        0  main.o(i.advertising_init)
    advertising_init                         0x00018825   Thumb Code    94  main.o(i.advertising_init)
    i.alert_timer_handler                    0x0001888c   Section        0  bsp.o(i.alert_timer_handler)
    alert_timer_handler                      0x0001888d   Thumb Code    20  bsp.o(i.alert_timer_handler)
    i.app_button_enable                      0x000188a4   Section        0  app_button.o(i.app_button_enable)
    i.app_button_init                        0x000188c8   Section        0  app_button.o(i.app_button_init)
    i.app_error_handler                      0x0001893c   Section        0  app_error.o(i.app_error_handler)
    i.app_fifo_get                           0x00018954   Section        0  app_fifo.o(i.app_fifo_get)
    i.app_fifo_init                          0x0001896a   Section        0  app_fifo.o(i.app_fifo_init)
    i.app_fifo_put                           0x0001898e   Section        0  app_fifo.o(i.app_fifo_put)
    i.app_timer_create                       0x000189a8   Section        0  app_timer.o(i.app_timer_create)
    i.app_timer_init                         0x000189d4   Section        0  app_timer.o(i.app_timer_init)
    i.app_timer_start                        0x00018a64   Section        0  app_timer.o(i.app_timer_start)
    i.app_timer_stop                         0x00018ae0   Section        0  app_timer.o(i.app_timer_stop)
    i.app_uart_get                           0x00018b34   Section        0  app_uart_fifo.o(i.app_uart_get)
    i.app_uart_init                          0x00018b68   Section        0  app_uart_fifo.o(i.app_uart_init)
    i.app_uart_put                           0x00018c08   Section        0  app_uart_fifo.o(i.app_uart_put)
    i.ble_advdata_set                        0x00018c30   Section        0  ble_advdata.o(i.ble_advdata_set)
    i.ble_advertising_init                   0x00018c98   Section        0  ble_advertising.o(i.ble_advertising_init)
    i.ble_advertising_on_ble_evt             0x00018db4   Section        0  ble_advertising.o(i.ble_advertising_on_ble_evt)
    i.ble_advertising_peer_address_clear     0x00018e28   Section        0  ble_advertising.o(i.ble_advertising_peer_address_clear)
    ble_advertising_peer_address_clear       0x00018e29   Thumb Code    12  ble_advertising.o(i.ble_advertising_peer_address_clear)
    i.ble_advertising_restart_without_whitelist 0x00018e38   Section        0  ble_advertising.o(i.ble_advertising_restart_without_whitelist)
    i.ble_advertising_start                  0x00018e78   Section        0  ble_advertising.o(i.ble_advertising_start)
    i.ble_conn_params_init                   0x00019058   Section        0  ble_conn_params.o(i.ble_conn_params_init)
    i.ble_conn_params_on_ble_evt             0x000190ac   Section        0  ble_conn_params.o(i.ble_conn_params_on_ble_evt)
    i.ble_device_addr_encode                 0x0001913c   Section        0  ble_advdata.o(i.ble_device_addr_encode)
    ble_device_addr_encode                   0x0001913d   Thumb Code    94  ble_advdata.o(i.ble_device_addr_encode)
    i.ble_evt_dispatch                       0x0001919c   Section        0  main.o(i.ble_evt_dispatch)
    ble_evt_dispatch                         0x0001919d   Thumb Code    36  main.o(i.ble_evt_dispatch)
    i.ble_nus_init                           0x000191c4   Section        0  ble_nus.o(i.ble_nus_init)
    i.ble_nus_on_ble_evt                     0x0001922c   Section        0  ble_nus.o(i.ble_nus_on_ble_evt)
    i.ble_nus_string_send                    0x00019284   Section        0  ble_nus.o(i.ble_nus_string_send)
    i.bsp_btn_ble_init                       0x000192d8   Section        0  bsp_btn_ble.o(i.bsp_btn_ble_init)
    i.bsp_btn_ble_on_ble_evt                 0x0001932c   Section        0  bsp_btn_ble.o(i.bsp_btn_ble_on_ble_evt)
    i.bsp_btn_ble_sleep_mode_prepare         0x000193a4   Section        0  bsp_btn_ble.o(i.bsp_btn_ble_sleep_mode_prepare)
    i.bsp_button_event_handler               0x000193b8   Section        0  bsp.o(i.bsp_button_event_handler)
    bsp_button_event_handler                 0x000193b9   Thumb Code   148  bsp.o(i.bsp_button_event_handler)
    i.bsp_button_is_pressed                  0x00019458   Section        0  bsp.o(i.bsp_button_is_pressed)
    i.bsp_event_handler                      0x00019484   Section        0  main.o(i.bsp_event_handler)
    i.bsp_event_to_button_action_assign      0x000194c0   Section        0  bsp.o(i.bsp_event_to_button_action_assign)
    i.bsp_indication_set                     0x00019508   Section        0  bsp.o(i.bsp_indication_set)
    i.bsp_init                               0x00019524   Section        0  bsp.o(i.bsp_init)
    i.bsp_led_indication                     0x000195c4   Section        0  bsp.o(i.bsp_led_indication)
    bsp_led_indication                       0x000195c5   Thumb Code   472  bsp.o(i.bsp_led_indication)
    i.bsp_wakeup_buttons_set                 0x000197b0   Section        0  bsp.o(i.bsp_wakeup_buttons_set)
    i.button_timer_handler                   0x000197ec   Section        0  bsp.o(i.button_timer_handler)
    button_timer_handler                     0x000197ed   Thumb Code    12  bsp.o(i.button_timer_handler)
    i.channel_free                           0x000197f8   Section        0  nrf_drv_gpiote.o(i.channel_free)
    channel_free                             0x000197f9   Thumb Code    22  nrf_drv_gpiote.o(i.channel_free)
    i.channel_port_alloc                     0x00019814   Section        0  nrf_drv_gpiote.o(i.channel_port_alloc)
    channel_port_alloc                       0x00019815   Thumb Code    66  nrf_drv_gpiote.o(i.channel_port_alloc)
    i.channel_port_get                       0x0001985c   Section        0  nrf_drv_gpiote.o(i.channel_port_get)
    channel_port_get                         0x0001985d   Thumb Code    10  nrf_drv_gpiote.o(i.channel_port_get)
    i.compare_reg_update                     0x0001986c   Section        0  app_timer.o(i.compare_reg_update)
    compare_reg_update                       0x0001986d   Thumb Code   142  app_timer.o(i.compare_reg_update)
    i.conn_int_encode                        0x00019914   Section        0  ble_advdata.o(i.conn_int_encode)
    conn_int_encode                          0x00019915   Thumb Code   130  ble_advdata.o(i.conn_int_encode)
    i.conn_params_error_handler              0x0001999c   Section        0  main.o(i.conn_params_error_handler)
    conn_params_error_handler                0x0001999d   Thumb Code    12  main.o(i.conn_params_error_handler)
    i.conn_params_negotiation                0x000199a8   Section        0  ble_conn_params.o(i.conn_params_negotiation)
    conn_params_negotiation                  0x000199a9   Thumb Code    92  ble_conn_params.o(i.conn_params_negotiation)
    i.detection_delay_timeout_handler        0x00019a10   Section        0  app_button.o(i.detection_delay_timeout_handler)
    detection_delay_timeout_handler          0x00019a11   Thumb Code    92  app_button.o(i.detection_delay_timeout_handler)
    i.elapsed_ticks_acquire                  0x00019a70   Section        0  app_timer.o(i.elapsed_ticks_acquire)
    elapsed_ticks_acquire                    0x00019a71   Thumb Code    58  app_timer.o(i.elapsed_ticks_acquire)
    i.fifo_get                               0x00019ab0   Section        0  app_fifo.o(i.fifo_get)
    fifo_get                                 0x00019ab1   Thumb Code    20  app_fifo.o(i.fifo_get)
    i.fifo_put                               0x00019ac4   Section        0  app_fifo.o(i.fifo_put)
    fifo_put                                 0x00019ac5   Thumb Code    18  app_fifo.o(i.fifo_put)
    i.fputc                                  0x00019ad6   Section        0  retarget.o(i.fputc)
    i.gpiote_event_handler                   0x00019ae4   Section        0  app_button.o(i.gpiote_event_handler)
    gpiote_event_handler                     0x00019ae5   Thumb Code    74  app_button.o(i.gpiote_event_handler)
    i.intern_softdevice_events_execute       0x00019b38   Section        0  softdevice_handler.o(i.intern_softdevice_events_execute)
    i.is_conn_params_ok                      0x00019bb8   Section        0  ble_conn_params.o(i.is_conn_params_ok)
    is_conn_params_ok                        0x00019bb9   Thumb Code    24  ble_conn_params.o(i.is_conn_params_ok)
    i.is_manual_peripheral_setup_needed      0x00019bd4   Section        0  system_nrf51.o(i.is_manual_peripheral_setup_needed)
    is_manual_peripheral_setup_needed        0x00019bd5   Thumb Code    66  system_nrf51.o(i.is_manual_peripheral_setup_needed)
    i.le_role_encode                         0x00019c1c   Section        0  ble_advdata.o(i.le_role_encode)
    le_role_encode                           0x00019c1d   Thumb Code    84  ble_advdata.o(i.le_role_encode)
    i.leds_timer_handler                     0x00019c70   Section        0  bsp.o(i.leds_timer_handler)
    leds_timer_handler                       0x00019c71   Thumb Code    18  bsp.o(i.leds_timer_handler)
    i.list_deletions_handler                 0x00019c88   Section        0  app_timer.o(i.list_deletions_handler)
    list_deletions_handler                   0x00019c89   Thumb Code   180  app_timer.o(i.list_deletions_handler)
    i.list_insertions_handler                0x00019d44   Section        0  app_timer.o(i.list_insertions_handler)
    list_insertions_handler                  0x00019d45   Thumb Code   202  app_timer.o(i.list_insertions_handler)
    i.main                                   0x00019e18   Section        0  main.o(i.main)
    i.manuf_specific_data_encode             0x00019ff0   Section        0  ble_advdata.o(i.manuf_specific_data_encode)
    manuf_specific_data_encode               0x00019ff1   Thumb Code   104  ble_advdata.o(i.manuf_specific_data_encode)
    i.name_encode                            0x0001a058   Section        0  ble_advdata.o(i.name_encode)
    name_encode                              0x0001a059   Thumb Code   158  ble_advdata.o(i.name_encode)
    i.nrf_drv_common_irq_enable              0x0001a0f8   Section        0  nrf_drv_common.o(i.nrf_drv_common_irq_enable)
    i.nrf_drv_gpiote_in_event_enable         0x0001a158   Section        0  nrf_drv_gpiote.o(i.nrf_drv_gpiote_in_event_enable)
    i.nrf_drv_gpiote_in_init                 0x0001a1f8   Section        0  nrf_drv_gpiote.o(i.nrf_drv_gpiote_in_init)
    i.nrf_drv_gpiote_in_is_set               0x0001a294   Section        0  nrf_drv_gpiote.o(i.nrf_drv_gpiote_in_is_set)
    i.nrf_drv_gpiote_init                    0x0001a2a8   Section        0  nrf_drv_gpiote.o(i.nrf_drv_gpiote_init)
    i.nrf_drv_gpiote_is_init                 0x0001a2fc   Section        0  nrf_drv_gpiote.o(i.nrf_drv_gpiote_is_init)
    i.nrf_drv_uart_init                      0x0001a30c   Section        0  nrf_drv_uart.o(i.nrf_drv_uart_init)
    i.nrf_drv_uart_rx                        0x0001a3cc   Section        0  nrf_drv_uart.o(i.nrf_drv_uart_rx)
    i.nrf_drv_uart_rx_enable                 0x0001a480   Section        0  nrf_drv_uart.o(i.nrf_drv_uart_rx_enable)
    i.nrf_drv_uart_tx                        0x0001a498   Section        0  nrf_drv_uart.o(i.nrf_drv_uart_tx)
    i.nrf_gpio_cfg                           0x0001a524   Section        0  nrf_drv_gpiote.o(i.nrf_gpio_cfg)
    nrf_gpio_cfg                             0x0001a525   Thumb Code    32  nrf_drv_gpiote.o(i.nrf_gpio_cfg)
    i.nrf_gpio_cfg                           0x0001a548   Section        0  nrf_drv_uart.o(i.nrf_gpio_cfg)
    nrf_gpio_cfg                             0x0001a549   Thumb Code    32  nrf_drv_uart.o(i.nrf_gpio_cfg)
    i.nrf_gpio_cfg_input                     0x0001a56c   Section        0  nrf_drv_uart.o(i.nrf_gpio_cfg_input)
    nrf_gpio_cfg_input                       0x0001a56d   Thumb Code    18  nrf_drv_uart.o(i.nrf_gpio_cfg_input)
    i.nrf_gpio_cfg_output                    0x0001a57e   Section        0  nrf_drv_uart.o(i.nrf_gpio_cfg_output)
    nrf_gpio_cfg_output                      0x0001a57f   Thumb Code    20  nrf_drv_uart.o(i.nrf_gpio_cfg_output)
    i.nrf_gpio_cfg_sense_set                 0x0001a594   Section        0  nrf_drv_gpiote.o(i.nrf_gpio_cfg_sense_set)
    nrf_gpio_cfg_sense_set                   0x0001a595   Thumb Code    26  nrf_drv_gpiote.o(i.nrf_gpio_cfg_sense_set)
    i.nrf_gpiote_event_is_set                0x0001a5b4   Section        0  nrf_drv_gpiote.o(i.nrf_gpiote_event_is_set)
    nrf_gpiote_event_is_set                  0x0001a5b5   Thumb Code    14  nrf_drv_gpiote.o(i.nrf_gpiote_event_is_set)
    i.nrf_uart_errorsrc_get_and_clear        0x0001a5c8   Section        0  nrf_drv_uart.o(i.nrf_uart_errorsrc_get_and_clear)
    nrf_uart_errorsrc_get_and_clear          0x0001a5c9   Thumb Code    12  nrf_drv_uart.o(i.nrf_uart_errorsrc_get_and_clear)
    i.nrf_uart_event_check                   0x0001a5d4   Section        0  nrf_drv_uart.o(i.nrf_uart_event_check)
    nrf_uart_event_check                     0x0001a5d5   Thumb Code    10  nrf_drv_uart.o(i.nrf_uart_event_check)
    i.nrf_uart_hwfc_pins_set                 0x0001a5de   Section        0  nrf_drv_uart.o(i.nrf_uart_hwfc_pins_set)
    nrf_uart_hwfc_pins_set                   0x0001a5df   Thumb Code    12  nrf_drv_uart.o(i.nrf_uart_hwfc_pins_set)
    i.nrf_uart_int_enable_check              0x0001a5ea   Section        0  nrf_drv_uart.o(i.nrf_uart_int_enable_check)
    nrf_uart_int_enable_check                0x0001a5eb   Thumb Code    16  nrf_drv_uart.o(i.nrf_uart_int_enable_check)
    i.nrf_uart_txrx_pins_set                 0x0001a5fa   Section        0  nrf_drv_uart.o(i.nrf_uart_txrx_pins_set)
    nrf_uart_txrx_pins_set                   0x0001a5fb   Thumb Code    12  nrf_drv_uart.o(i.nrf_uart_txrx_pins_set)
    i.nus_data_handler                       0x0001a606   Section        0  main.o(i.nus_data_handler)
    nus_data_handler                         0x0001a607   Thumb Code    38  main.o(i.nus_data_handler)
    i.on_adv_evt                             0x0001a62c   Section        0  main.o(i.on_adv_evt)
    on_adv_evt                               0x0001a62d   Thumb Code    36  main.o(i.on_adv_evt)
    i.on_ble_evt                             0x0001a650   Section        0  main.o(i.on_ble_evt)
    on_ble_evt                               0x0001a651   Thumb Code   108  main.o(i.on_ble_evt)
    i.on_conn_params_evt                     0x0001a6c0   Section        0  main.o(i.on_conn_params_evt)
    on_conn_params_evt                       0x0001a6c1   Thumb Code    30  main.o(i.on_conn_params_evt)
    i.peer_address_exists                    0x0001a6e4   Section        0  ble_advertising.o(i.peer_address_exists)
    peer_address_exists                      0x0001a6e5   Thumb Code    22  ble_advertising.o(i.peer_address_exists)
    i.pin_in_use_by_gpiote                   0x0001a6fc   Section        0  nrf_drv_gpiote.o(i.pin_in_use_by_gpiote)
    pin_in_use_by_gpiote                     0x0001a6fd   Thumb Code    14  nrf_drv_gpiote.o(i.pin_in_use_by_gpiote)
    i.pin_in_use_by_port                     0x0001a710   Section        0  nrf_drv_gpiote.o(i.pin_in_use_by_port)
    pin_in_use_by_port                       0x0001a711   Thumb Code    20  nrf_drv_gpiote.o(i.pin_in_use_by_port)
    i.pin_in_use_by_te                       0x0001a728   Section        0  nrf_drv_gpiote.o(i.pin_in_use_by_te)
    pin_in_use_by_te                         0x0001a729   Thumb Code    20  nrf_drv_gpiote.o(i.pin_in_use_by_te)
    i.pstorage_access_status_get             0x0001a740   Section        0  pstorage.o(i.pstorage_access_status_get)
    i.rtc1_stop                              0x0001a768   Section        0  app_timer.o(i.rtc1_stop)
    rtc1_stop                                0x0001a769   Thumb Code    50  app_timer.o(i.rtc1_stop)
    i.rx_byte                                0x0001a7ac   Section        0  nrf_drv_uart.o(i.rx_byte)
    rx_byte                                  0x0001a7ad   Thumb Code    30  nrf_drv_uart.o(i.rx_byte)
    i.rx_char_add                            0x0001a7d8   Section        0  ble_nus.o(i.rx_char_add)
    rx_char_add                              0x0001a7d9   Thumb Code   154  ble_nus.o(i.rx_char_add)
    i.rx_done_event                          0x0001a874   Section        0  nrf_drv_uart.o(i.rx_done_event)
    rx_done_event                            0x0001a875   Thumb Code    28  nrf_drv_uart.o(i.rx_done_event)
    i.rx_enable                              0x0001a894   Section        0  nrf_drv_uart.o(i.rx_enable)
    rx_enable                                0x0001a895   Thumb Code    22  nrf_drv_uart.o(i.rx_enable)
    i.service_data_encode                    0x0001a8b0   Section        0  ble_advdata.o(i.service_data_encode)
    service_data_encode                      0x0001a8b1   Thumb Code   142  ble_advdata.o(i.service_data_encode)
    i.sleep_mode_enter                       0x0001a93e   Section        0  main.o(i.sleep_mode_enter)
    sleep_mode_enter                         0x0001a93f   Thumb Code    52  main.o(i.sleep_mode_enter)
    i.softdevice_assertion_handler           0x0001a972   Section        0  softdevice_handler.o(i.softdevice_assertion_handler)
    i.softdevice_ble_evt_handler_set         0x0001a980   Section        0  softdevice_handler.o(i.softdevice_ble_evt_handler_set)
    i.softdevice_handler_init                0x0001a994   Section        0  softdevice_handler.o(i.softdevice_handler_init)
    i.timer_list_handler                     0x0001a9c4   Section        0  app_timer.o(i.timer_list_handler)
    timer_list_handler                       0x0001a9c5   Thumb Code   128  app_timer.o(i.timer_list_handler)
    i.timer_list_handler_sched               0x0001aa48   Section        0  app_timer.o(i.timer_list_handler_sched)
    timer_list_handler_sched                 0x0001aa49   Thumb Code    10  app_timer.o(i.timer_list_handler_sched)
    i.timer_list_insert                      0x0001aa58   Section        0  app_timer.o(i.timer_list_insert)
    timer_list_insert                        0x0001aa59   Thumb Code    60  app_timer.o(i.timer_list_insert)
    i.timer_timeouts_check                   0x0001aa98   Section        0  app_timer.o(i.timer_timeouts_check)
    timer_timeouts_check                     0x0001aa99   Thumb Code   122  app_timer.o(i.timer_timeouts_check)
    i.tx_byte                                0x0001ab1c   Section        0  nrf_drv_uart.o(i.tx_byte)
    tx_byte                                  0x0001ab1d   Thumb Code    30  nrf_drv_uart.o(i.tx_byte)
    i.tx_char_add                            0x0001ab48   Section        0  ble_nus.o(i.tx_char_add)
    tx_char_add                              0x0001ab49   Thumb Code   124  ble_nus.o(i.tx_char_add)
    i.tx_done_event                          0x0001abc4   Section        0  nrf_drv_uart.o(i.tx_done_event)
    tx_done_event                            0x0001abc5   Thumb Code    26  nrf_drv_uart.o(i.tx_done_event)
    i.uart_event_handle                      0x0001abe4   Section        0  main.o(i.uart_event_handle)
    i.uart_event_handler                     0x0001ac4c   Section        0  app_uart_fifo.o(i.uart_event_handler)
    uart_event_handler                       0x0001ac4d   Thumb Code   156  app_uart_fifo.o(i.uart_event_handler)
    i.uint16_encode                          0x0001acf0   Section        0  ble_advdata.o(i.uint16_encode)
    uint16_encode                            0x0001acf1   Thumb Code    10  ble_advdata.o(i.uint16_encode)
    i.update_timeout_handler                 0x0001acfc   Section        0  ble_conn_params.o(i.update_timeout_handler)
    update_timeout_handler                   0x0001acfd   Thumb Code    86  ble_conn_params.o(i.update_timeout_handler)
    i.user_id_get                            0x0001ad60   Section        0  app_timer.o(i.user_id_get)
    user_id_get                              0x0001ad61   Thumb Code    74  app_timer.o(i.user_id_get)
    i.user_op_alloc                          0x0001adb4   Section        0  app_timer.o(i.user_op_alloc)
    user_op_alloc                            0x0001adb5   Thumb Code    38  app_timer.o(i.user_op_alloc)
    i.uuid_list_encode                       0x0001adda   Section        0  ble_advdata.o(i.uuid_list_encode)
    uuid_list_encode                         0x0001addb   Thumb Code    48  ble_advdata.o(i.uuid_list_encode)
    i.uuid_list_sized_encode                 0x0001ae0a   Section        0  ble_advdata.o(i.uuid_list_sized_encode)
    uuid_list_sized_encode                   0x0001ae0b   Thumb Code   174  ble_advdata.o(i.uuid_list_sized_encode)
    i.whitelist_has_entries                  0x0001aeb8   Section        0  ble_advertising.o(i.whitelist_has_entries)
    whitelist_has_entries                    0x0001aeb9   Thumb Code    16  ble_advertising.o(i.whitelist_has_entries)
    .constdata                               0x0001aec8   Section       12  main.o(.constdata)
    .constdata                               0x0001aed4   Section       60  bsp.o(.constdata)
    m_leds_timer_id                          0x0001aed4   Data           4  bsp.o(.constdata)
    m_alert_timer_id                         0x0001aed8   Data           4  bsp.o(.constdata)
    m_button_timer_id                        0x0001aedc   Data           4  bsp.o(.constdata)
    m_buttons_list                           0x0001aee0   Data          16  bsp.o(.constdata)
    app_buttons                              0x0001aef0   Data          32  bsp.o(.constdata)
    .constdata                               0x0001af10   Section        4  ble_conn_params.o(.constdata)
    m_conn_params_timer_id                   0x0001af10   Data           4  ble_conn_params.o(.constdata)
    .constdata                               0x0001af14   Section       16  ble_nus.o(.constdata)
    .constdata                               0x0001af24   Section       32  app_uart_fifo.o(.constdata)
    .constdata                               0x0001af44   Section       32  nrf_drv_uart.o(.constdata)
    m_default_config                         0x0001af44   Data          32  nrf_drv_uart.o(.constdata)
    .constdata                               0x0001af64   Section        8  app_button.o(.constdata)
    m_detection_delay_timer_id               0x0001af64   Data           4  app_button.o(.constdata)
    .data                                    0x20002000   Section        8  main.o(.data)
    index                                    0x20002000   Data           1  main.o(.data)
    m_conn_handle                            0x20002002   Data           2  main.o(.data)
    m_adv_uuids                              0x20002004   Data           4  main.o(.data)
    .data                                    0x20002008   Section       24  bsp.o(.data)
    m_stable_state                           0x20002008   Data           1  bsp.o(.data)
    current_long_push_pin_no                 0x20002009   Data           1  bsp.o(.data)
    m_app_ticks_per_100ms                    0x2000200c   Data           4  bsp.o(.data)
    m_indication_type                        0x20002010   Data           4  bsp.o(.data)
    m_alert_mask                             0x20002014   Data           4  bsp.o(.data)
    m_registered_callback                    0x20002018   Data           4  bsp.o(.data)
    release_event_at_push                    0x2000201c   Data           4  bsp.o(.data)
    .data                                    0x20002020   Section        8  bsp_btn_ble.o(.data)
    m_error_handler                          0x20002020   Data           4  bsp_btn_ble.o(.data)
    m_num_connections                        0x20002024   Data           4  bsp_btn_ble.o(.data)
    .data                                    0x20002028   Section        4  system_nrf51.o(.data)
    __tagsym$$used                           0x20002028   Number         0  system_nrf51.o(.data)
    .data                                    0x2000202c   Section       31  ble_advertising.o(.data)
    m_advertising_start_pending              0x2000202c   Data           1  ble_advertising.o(.data)
    m_whitelist_temporarily_disabled         0x2000202d   Data           1  ble_advertising.o(.data)
    m_whitelist_reply_expected               0x2000202e   Data           1  ble_advertising.o(.data)
    m_peer_addr_reply_expected               0x2000202f   Data           1  ble_advertising.o(.data)
    m_adv_evt                                0x20002030   Data           1  ble_advertising.o(.data)
    m_adv_mode_current                       0x20002031   Data           1  ble_advertising.o(.data)
    m_tx_power_level                         0x20002032   Data           1  ble_advertising.o(.data)
    current_slave_link_conn_handle           0x20002034   Data           2  ble_advertising.o(.data)
    m_evt_handler                            0x20002038   Data           4  ble_advertising.o(.data)
    m_error_handler                          0x2000203c   Data           4  ble_advertising.o(.data)
    m_slave_conn_int                         0x20002040   Data           4  ble_advertising.o(.data)
    m_peer_address                           0x20002044   Data           7  ble_advertising.o(.data)
    .data                                    0x2000204c   Section       20  ble_conn_params.o(.data)
    m_change_param                           0x2000204c   Data           1  ble_conn_params.o(.data)
    m_update_count                           0x2000204d   Data           1  ble_conn_params.o(.data)
    m_conn_handle                            0x2000204e   Data           2  ble_conn_params.o(.data)
    m_preferred_conn_params                  0x20002050   Data           8  ble_conn_params.o(.data)
    m_current_conn_params                    0x20002058   Data           8  ble_conn_params.o(.data)
    .data                                    0x20002060   Section        8  app_uart_fifo.o(.data)
    tx_buffer                                0x20002060   Data           1  app_uart_fifo.o(.data)
    tx_tmp                                   0x20002061   Data           1  app_uart_fifo.o(.data)
    rx_buffer                                0x20002062   Data           1  app_uart_fifo.o(.data)
    m_event_handler                          0x20002064   Data           4  app_uart_fifo.o(.data)
    .data                                    0x20002068   Section       36  pstorage.o(.data)
    m_state                                  0x20002068   Data           1  pstorage.o(.data)
    m_swap_sub_state                         0x20002069   Data           1  pstorage.o(.data)
    m_next_app_instance                      0x2000206a   Data           2  pstorage.o(.data)
    m_flags                                  0x2000206c   Data           4  pstorage.o(.data)
    m_next_page_addr                         0x20002070   Data           4  pstorage.o(.data)
    m_head_word_size                         0x20002074   Data           4  pstorage.o(.data)
    m_tail_word_size                         0x20002078   Data           4  pstorage.o(.data)
    m_current_page_id                        0x2000207c   Data           4  pstorage.o(.data)
    m_num_of_command_retries                 0x20002080   Data           4  pstorage.o(.data)
    m_num_of_bytes_written                   0x20002084   Data           4  pstorage.o(.data)
    m_app_data_size                          0x20002088   Data           4  pstorage.o(.data)
    .data                                    0x2000208c   Section       20  app_button.o(.data)
    m_button_count                           0x2000208c   Data           1  app_button.o(.data)
    mp_buttons                               0x20002090   Data           4  app_button.o(.data)
    m_detection_delay                        0x20002094   Data           4  app_button.o(.data)
    m_pin_state                              0x20002098   Data           4  app_button.o(.data)
    m_pin_transition                         0x2000209c   Data           4  app_button.o(.data)
    .data                                    0x200020a0   Section       32  app_timer.o(.data)
    m_user_array_size                        0x200020a0   Data           1  app_timer.o(.data)
    m_ticks_elapsed_q_read_ind               0x200020a1   Data           1  app_timer.o(.data)
    m_ticks_elapsed_q_write_ind              0x200020a2   Data           1  app_timer.o(.data)
    m_rtc1_running                           0x200020a3   Data           1  app_timer.o(.data)
    m_rtc1_reset                             0x200020a4   Data           1  app_timer.o(.data)
    mp_users                                 0x200020a8   Data           4  app_timer.o(.data)
    mp_timer_id_head                         0x200020ac   Data           4  app_timer.o(.data)
    m_ticks_latest                           0x200020b0   Data           4  app_timer.o(.data)
    m_evt_schedule_func                      0x200020b4   Data           4  app_timer.o(.data)
    m_ticks_elapsed                          0x200020b8   Data           8  app_timer.o(.data)
    .data                                    0x200020c0   Section        4  retarget.o(.data)
    .data                                    0x200020c4   Section       20  softdevice_handler.o(.data)
    m_softdevice_enabled                     0x200020c4   Data           1  softdevice_handler.o(.data)
    m_ble_evt_buffer_size                    0x200020c6   Data           2  softdevice_handler.o(.data)
    m_evt_schedule_func                      0x200020c8   Data           4  softdevice_handler.o(.data)
    mp_ble_evt_buffer                        0x200020cc   Data           4  softdevice_handler.o(.data)
    m_ble_evt_handler                        0x200020d0   Data           4  softdevice_handler.o(.data)
    m_sys_evt_handler                        0x200020d4   Data           4  softdevice_handler.o(.data)
    .bss                                     0x200020d8   Section     1088  main.o(.bss)
    BLE_EVT_BUFFER                           0x200020d8   Data          72  main.o(.bss)
    data_array                               0x20002120   Data          20  main.o(.bss)
    rx_buf                                   0x20002134   Data         256  main.o(.bss)
    tx_buf                                   0x20002234   Data         256  main.o(.bss)
    APP_TIMER_BUF                            0x20002334   Data         456  main.o(.bss)
    m_nus                                    0x200024fc   Data          28  main.o(.bss)
    .bss                                     0x20002518   Section       32  bsp.o(.bss)
    m_leds_timer_id_data                     0x20002518   Data          32  bsp.o(.bss)
    .bss                                     0x20002538   Section       32  bsp.o(.bss)
    m_alert_timer_id_data                    0x20002538   Data          32  bsp.o(.bss)
    .bss                                     0x20002558   Section       12  bsp.o(.bss)
    m_events_list                            0x20002558   Data          12  bsp.o(.bss)
    .bss                                     0x20002564   Section       32  bsp.o(.bss)
    m_button_timer_id_data                   0x20002564   Data          32  bsp.o(.bss)
    .bss                                     0x20002584   Section      259  ble_advertising.o(.bss)
    m_advdata                                0x20002584   Data          56  ble_advertising.o(.bss)
    m_adv_modes_config                       0x200025bc   Data          36  ble_advertising.o(.bss)
    m_whitelist                              0x200025e0   Data          16  ble_advertising.o(.bss)
    mp_whitelist_addr                        0x200025f0   Data          32  ble_advertising.o(.bss)
    mp_whitelist_irk                         0x20002610   Data          32  ble_advertising.o(.bss)
    m_manuf_specific_data                    0x20002630   Data          12  ble_advertising.o(.bss)
    m_manuf_data_array                       0x2000263c   Data          31  ble_advertising.o(.bss)
    m_service_data                           0x2000265c   Data          12  ble_advertising.o(.bss)
    m_service_data_array                     0x20002668   Data          31  ble_advertising.o(.bss)
    .bss                                     0x20002688   Section       32  ble_conn_params.o(.bss)
    m_conn_params_timer_id_data              0x20002688   Data          32  ble_conn_params.o(.bss)
    .bss                                     0x200026a8   Section       28  ble_conn_params.o(.bss)
    m_conn_params_config                     0x200026a8   Data          28  ble_conn_params.o(.bss)
    .bss                                     0x200026c4   Section       32  app_uart_fifo.o(.bss)
    m_rx_fifo                                0x200026c4   Data          16  app_uart_fifo.o(.bss)
    m_tx_fifo                                0x200026d4   Data          16  app_uart_fifo.o(.bss)
    .bss                                     0x200026e4   Section       72  nrf_drv_gpiote.o(.bss)
    m_cb                                     0x200026e4   Data          72  nrf_drv_gpiote.o(.bss)
    .bss                                     0x2000272c   Section       24  nrf_drv_uart.o(.bss)
    m_cb                                     0x2000272c   Data          24  nrf_drv_uart.o(.bss)
    .bss                                     0x20002744   Section      216  pstorage.o(.bss)
    m_cmd_queue                              0x20002744   Data         204  pstorage.o(.bss)
    m_app_table                              0x20002810   Data          12  pstorage.o(.bss)
    .bss                                     0x2000281c   Section       32  app_button.o(.bss)
    m_detection_delay_timer_id_data          0x2000281c   Data          32  app_button.o(.bss)
    STACK                                    0x20002840   Section     2048  arm_startup_nrf51.o(STACK)

    Global Symbols

    Symbol Name                              Value     Ov Type        Size  Object(Section)

    BuildAttributes$$THM_ISAv3M$S$PE$A:L22$X:L11$S22$IEEE1$IW$USESV6$~STKCKD$USESV7$~SHL$OSPACE$ROPI$EBA8$MICROLIB$REQ8$PRES8$EABIv2 0x00000000   Number         0  anon$$obj.o ABSOLUTE
    __ARM_use_no_argv                        0x00000000   Number         0  main.o ABSOLUTE
    _printf_a                                0x00000000   Number         0  stubs.o ABSOLUTE
    _printf_c                                0x00000000   Number         0  stubs.o ABSOLUTE
    _printf_charcount                        0x00000000   Number         0  stubs.o ABSOLUTE
    _printf_d                                0x00000000   Number         0  stubs.o ABSOLUTE
    _printf_e                                0x00000000   Number         0  stubs.o ABSOLUTE
    _printf_f                                0x00000000   Number         0  stubs.o ABSOLUTE
    _printf_flags                            0x00000000   Number         0  stubs.o ABSOLUTE
    _printf_fp_dec                           0x00000000   Number         0  stubs.o ABSOLUTE
    _printf_fp_hex                           0x00000000   Number         0  stubs.o ABSOLUTE
    _printf_g                                0x00000000   Number         0  stubs.o ABSOLUTE
    _printf_i                                0x00000000   Number         0  stubs.o ABSOLUTE
    _printf_int_dec                          0x00000000   Number         0  stubs.o ABSOLUTE
    _printf_l                                0x00000000   Number         0  stubs.o ABSOLUTE
    _printf_lc                               0x00000000   Number         0  stubs.o ABSOLUTE
    _printf_ll                               0x00000000   Number         0  stubs.o ABSOLUTE
    _printf_lld                              0x00000000   Number         0  stubs.o ABSOLUTE
    _printf_lli                              0x00000000   Number         0  stubs.o ABSOLUTE
    _printf_llo                              0x00000000   Number         0  stubs.o ABSOLUTE
    _printf_llu                              0x00000000   Number         0  stubs.o ABSOLUTE
    _printf_llx                              0x00000000   Number         0  stubs.o ABSOLUTE
    _printf_longlong_dec                     0x00000000   Number         0  stubs.o ABSOLUTE
    _printf_longlong_hex                     0x00000000   Number         0  stubs.o ABSOLUTE
    _printf_longlong_oct                     0x00000000   Number         0  stubs.o ABSOLUTE
    _printf_ls                               0x00000000   Number         0  stubs.o ABSOLUTE
    _printf_mbtowc                           0x00000000   Number         0  stubs.o ABSOLUTE
    _printf_n                                0x00000000   Number         0  stubs.o ABSOLUTE
    _printf_o                                0x00000000   Number         0  stubs.o ABSOLUTE
    _printf_p                                0x00000000   Number         0  stubs.o ABSOLUTE
    _printf_percent                          0x00000000   Number         0  stubs.o ABSOLUTE
    _printf_pre_padding                      0x00000000   Number         0  stubs.o ABSOLUTE
    _printf_return_value                     0x00000000   Number         0  stubs.o ABSOLUTE
    _printf_s                                0x00000000   Number         0  stubs.o ABSOLUTE
    _printf_sizespec                         0x00000000   Number         0  stubs.o ABSOLUTE
    _printf_str                              0x00000000   Number         0  stubs.o ABSOLUTE
    _printf_truncate_signed                  0x00000000   Number         0  stubs.o ABSOLUTE
    _printf_truncate_unsigned                0x00000000   Number         0  stubs.o ABSOLUTE
    _printf_u                                0x00000000   Number         0  stubs.o ABSOLUTE
    _printf_wc                               0x00000000   Number         0  stubs.o ABSOLUTE
    _printf_wctomb                           0x00000000   Number         0  stubs.o ABSOLUTE
    _printf_widthprec                        0x00000000   Number         0  stubs.o ABSOLUTE
    _printf_x                                0x00000000   Number         0  stubs.o ABSOLUTE
    __cpp_initialize__aeabi_                  - Undefined Weak Reference
    __cxa_finalize                            - Undefined Weak Reference
    __decompress                              - Undefined Weak Reference
    _clock_init                               - Undefined Weak Reference
    _microlib_exit                            - Undefined Weak Reference
    __Vectors_Size                           0x000000c0   Number         0  arm_startup_nrf51.o ABSOLUTE
    __Vectors                                0x00018000   Data           4  arm_startup_nrf51.o(RESET)
    __Vectors_End                            0x000180c0   Data           0  arm_startup_nrf51.o(RESET)
    __main                                   0x000180c1   Thumb Code     0  entry.o(.ARM.Collect$$$$00000000)
    _main_stk                                0x000180c1   Thumb Code     0  entry2.o(.ARM.Collect$$$$00000001)
    _main_scatterload                        0x000180c5   Thumb Code     0  entry5.o(.ARM.Collect$$$$00000004)
    __main_after_scatterload                 0x000180c9   Thumb Code     0  entry5.o(.ARM.Collect$$$$00000004)
    _main_clock                              0x000180c9   Thumb Code     0  entry7b.o(.ARM.Collect$$$$00000008)
    _main_cpp_init                           0x000180c9   Thumb Code     0  entry8b.o(.ARM.Collect$$$$0000000A)
    _main_init                               0x000180c9   Thumb Code     0  entry9a.o(.ARM.Collect$$$$0000000B)
    __rt_final_cpp                           0x000180d1   Thumb Code     0  entry10a.o(.ARM.Collect$$$$0000000D)
    __rt_final_exit                          0x000180d1   Thumb Code     0  entry11a.o(.ARM.Collect$$$$0000000F)
    __asm___11_app_timer_c_cd27f9c3__nrf_delay_us 0x000180d5   Thumb Code    30  app_timer.o(.emb_text)
    Reset_Handler                            0x000180f5   Thumb Code    26  arm_startup_nrf51.o(.text)
    NMI_Handler                              0x0001810f   Thumb Code     2  arm_startup_nrf51.o(.text)
    HardFault_Handler                        0x00018111   Thumb Code     2  arm_startup_nrf51.o(.text)
    SVC_Handler                              0x00018113   Thumb Code     2  arm_startup_nrf51.o(.text)
    PendSV_Handler                           0x00018115   Thumb Code     2  arm_startup_nrf51.o(.text)
    SysTick_Handler                          0x00018117   Thumb Code     2  arm_startup_nrf51.o(.text)
    ADC_IRQHandler                           0x00018119   Thumb Code     0  arm_startup_nrf51.o(.text)
    CCM_AAR_IRQHandler                       0x00018119   Thumb Code     0  arm_startup_nrf51.o(.text)
    ECB_IRQHandler                           0x00018119   Thumb Code     0  arm_startup_nrf51.o(.text)
    LPCOMP_IRQHandler                        0x00018119   Thumb Code     0  arm_startup_nrf51.o(.text)
    POWER_CLOCK_IRQHandler                   0x00018119   Thumb Code     0  arm_startup_nrf51.o(.text)
    QDEC_IRQHandler                          0x00018119   Thumb Code     0  arm_startup_nrf51.o(.text)
    RADIO_IRQHandler                         0x00018119   Thumb Code     0  arm_startup_nrf51.o(.text)
    RNG_IRQHandler                           0x00018119   Thumb Code     0  arm_startup_nrf51.o(.text)
    RTC0_IRQHandler                          0x00018119   Thumb Code     0  arm_startup_nrf51.o(.text)
    SPI0_TWI0_IRQHandler                     0x00018119   Thumb Code     0  arm_startup_nrf51.o(.text)
    SPI1_TWI1_IRQHandler                     0x00018119   Thumb Code     0  arm_startup_nrf51.o(.text)
    SWI1_IRQHandler                          0x00018119   Thumb Code     0  arm_startup_nrf51.o(.text)
    SWI3_IRQHandler                          0x00018119   Thumb Code     0  arm_startup_nrf51.o(.text)
    SWI4_IRQHandler                          0x00018119   Thumb Code     0  arm_startup_nrf51.o(.text)
    SWI5_IRQHandler                          0x00018119   Thumb Code     0  arm_startup_nrf51.o(.text)
    TEMP_IRQHandler                          0x00018119   Thumb Code     0  arm_startup_nrf51.o(.text)
    TIMER0_IRQHandler                        0x00018119   Thumb Code     0  arm_startup_nrf51.o(.text)
    TIMER1_IRQHandler                        0x00018119   Thumb Code     0  arm_startup_nrf51.o(.text)
    TIMER2_IRQHandler                        0x00018119   Thumb Code     0  arm_startup_nrf51.o(.text)
    WDT_IRQHandler                           0x00018119   Thumb Code     0  arm_startup_nrf51.o(.text)
    __aeabi_uidiv                            0x0001812d   Thumb Code     0  uidiv.o(.text)
    __aeabi_uidivmod                         0x0001812d   Thumb Code    44  uidiv.o(.text)
    __aeabi_memcpy                           0x00018159   Thumb Code    36  memcpya.o(.text)
    __aeabi_memcpy4                          0x00018159   Thumb Code     0  memcpya.o(.text)
    __aeabi_memcpy8                          0x00018159   Thumb Code     0  memcpya.o(.text)
    __aeabi_memset                           0x0001817d   Thumb Code    14  memseta.o(.text)
    __aeabi_memset4                          0x0001817d   Thumb Code     0  memseta.o(.text)
    __aeabi_memset8                          0x0001817d   Thumb Code     0  memseta.o(.text)
    __aeabi_memclr                           0x0001818b   Thumb Code     4  memseta.o(.text)
    __aeabi_memclr4                          0x0001818b   Thumb Code     0  memseta.o(.text)
    __aeabi_memclr8                          0x0001818b   Thumb Code     0  memseta.o(.text)
    _memset$wrapper                          0x0001818f   Thumb Code    18  memseta.o(.text)
    __scatterload                            0x000181a1   Thumb Code    28  init.o(.text)
    __scatterload_rt2                        0x000181a1   Thumb Code     0  init.o(.text)
    GPIOTE_IRQHandler                        0x000181c5   Thumb Code   236  nrf_drv_gpiote.o(i.GPIOTE_IRQHandler)
    RTC1_IRQHandler                          0x00018311   Thumb Code    28  app_timer.o(i.RTC1_IRQHandler)
    SWI0_IRQHandler                          0x00018331   Thumb Code     8  app_timer.o(i.SWI0_IRQHandler)
    SWI2_IRQHandler                          0x00018339   Thumb Code    32  softdevice_handler.o(i.SWI2_IRQHandler)
    SystemInit                               0x0001835d   Thumb Code    64  system_nrf51.o(i.SystemInit)
    UART0_IRQHandler                         0x000183b1   Thumb Code   244  nrf_drv_uart.o(i.UART0_IRQHandler)
    __0printf$2                              0x000184b1   Thumb Code    24  printf2.o(i.__0printf$2)
    __1printf$2                              0x000184b1   Thumb Code     0  printf2.o(i.__0printf$2)
    __2printf                                0x000184b1   Thumb Code     0  printf2.o(i.__0printf$2)
    __ARM_common_switch8                     0x000184d1   Thumb Code    26  bsp.o(i.__ARM_common_switch8)
    __scatterload_copy                       0x000184eb   Thumb Code    14  handlers.o(i.__scatterload_copy)
    __scatterload_null                       0x000184f9   Thumb Code     2  handlers.o(i.__scatterload_null)
    __scatterload_zeroinit                   0x000184fb   Thumb Code    14  handlers.o(i.__scatterload_zeroinit)
    adv_data_encode                          0x000185d3   Thumb Code   534  ble_advdata.o(i.adv_data_encode)
    app_button_enable                        0x000188a5   Thumb Code    32  app_button.o(i.app_button_enable)
    app_button_init                          0x000188c9   Thumb Code   100  app_button.o(i.app_button_init)
    app_error_handler                        0x0001893d   Thumb Code    16  app_error.o(i.app_error_handler)
    app_fifo_get                             0x00018955   Thumb Code    22  app_fifo.o(i.app_fifo_get)
    app_fifo_init                            0x0001896b   Thumb Code    36  app_fifo.o(i.app_fifo_init)
    app_fifo_put                             0x0001898f   Thumb Code    26  app_fifo.o(i.app_fifo_put)
    app_timer_create                         0x000189a9   Thumb Code    40  app_timer.o(i.app_timer_create)
    app_timer_init                           0x000189d5   Thumb Code   126  app_timer.o(i.app_timer_init)
    app_timer_start                          0x00018a65   Thumb Code   114  app_timer.o(i.app_timer_start)
    app_timer_stop                           0x00018ae1   Thumb Code    78  app_timer.o(i.app_timer_stop)
    app_uart_get                             0x00018b35   Thumb Code    44  app_uart_fifo.o(i.app_uart_get)
    app_uart_init                            0x00018b69   Thumb Code   144  app_uart_fifo.o(i.app_uart_init)
    app_uart_put                             0x00018c09   Thumb Code    30  app_uart_fifo.o(i.app_uart_put)
    ble_advdata_set                          0x00018c31   Thumb Code   104  ble_advdata.o(i.ble_advdata_set)
    ble_advertising_init                     0x00018c99   Thumb Code   274  ble_advertising.o(i.ble_advertising_init)
    ble_advertising_on_ble_evt               0x00018db5   Thumb Code   112  ble_advertising.o(i.ble_advertising_on_ble_evt)
    ble_advertising_restart_without_whitelist 0x00018e39   Thumb Code    56  ble_advertising.o(i.ble_advertising_restart_without_whitelist)
    ble_advertising_start                    0x00018e79   Thumb Code   470  ble_advertising.o(i.ble_advertising_start)
    ble_conn_params_init                     0x00019059   Thumb Code    68  ble_conn_params.o(i.ble_conn_params_init)
    ble_conn_params_on_ble_evt               0x000190ad   Thumb Code   132  ble_conn_params.o(i.ble_conn_params_on_ble_evt)
    ble_nus_init                             0x000191c5   Thumb Code    98  ble_nus.o(i.ble_nus_init)
    ble_nus_on_ble_evt                       0x0001922d   Thumb Code    88  ble_nus.o(i.ble_nus_on_ble_evt)
    ble_nus_string_send                      0x00019285   Thumb Code    78  ble_nus.o(i.ble_nus_string_send)
    bsp_btn_ble_init                         0x000192d9   Thumb Code    80  bsp_btn_ble.o(i.bsp_btn_ble_init)
    bsp_btn_ble_on_ble_evt                   0x0001932d   Thumb Code   114  bsp_btn_ble.o(i.bsp_btn_ble_on_ble_evt)
    bsp_btn_ble_sleep_mode_prepare           0x000193a5   Thumb Code    20  bsp_btn_ble.o(i.bsp_btn_ble_sleep_mode_prepare)
    bsp_button_is_pressed                    0x00019459   Thumb Code    34  bsp.o(i.bsp_button_is_pressed)
    bsp_event_handler                        0x00019485   Thumb Code    54  main.o(i.bsp_event_handler)
    bsp_event_to_button_action_assign        0x000194c1   Thumb Code    66  bsp.o(i.bsp_event_to_button_action_assign)
    bsp_indication_set                       0x00019509   Thumb Code    22  bsp.o(i.bsp_indication_set)
    bsp_init                                 0x00019525   Thumb Code   132  bsp.o(i.bsp_init)
    bsp_wakeup_buttons_set                   0x000197b1   Thumb Code    50  bsp.o(i.bsp_wakeup_buttons_set)
    fputc                                    0x00019ad7   Thumb Code    14  retarget.o(i.fputc)
    intern_softdevice_events_execute         0x00019b39   Thumb Code   124  softdevice_handler.o(i.intern_softdevice_events_execute)
    main                                     0x00019e19   Thumb Code   398  main.o(i.main)
    nrf_drv_common_irq_enable                0x0001a0f9   Thumb Code    78  nrf_drv_common.o(i.nrf_drv_common_irq_enable)
    nrf_drv_gpiote_in_event_enable           0x0001a159   Thumb Code   138  nrf_drv_gpiote.o(i.nrf_drv_gpiote_in_event_enable)
    nrf_drv_gpiote_in_init                   0x0001a1f9   Thumb Code   140  nrf_drv_gpiote.o(i.nrf_drv_gpiote_in_init)
    nrf_drv_gpiote_in_is_set                 0x0001a295   Thumb Code    16  nrf_drv_gpiote.o(i.nrf_drv_gpiote_in_is_set)
    nrf_drv_gpiote_init                      0x0001a2a9   Thumb Code    76  nrf_drv_gpiote.o(i.nrf_drv_gpiote_init)
    nrf_drv_gpiote_is_init                   0x0001a2fd   Thumb Code    12  nrf_drv_gpiote.o(i.nrf_drv_gpiote_is_init)
    nrf_drv_uart_init                        0x0001a30d   Thumb Code   162  nrf_drv_uart.o(i.nrf_drv_uart_init)
    nrf_drv_uart_rx                          0x0001a3cd   Thumb Code   166  nrf_drv_uart.o(i.nrf_drv_uart_rx)
    nrf_drv_uart_rx_enable                   0x0001a481   Thumb Code    20  nrf_drv_uart.o(i.nrf_drv_uart_rx_enable)
    nrf_drv_uart_tx                          0x0001a499   Thumb Code   130  nrf_drv_uart.o(i.nrf_drv_uart_tx)
    pstorage_access_status_get               0x0001a741   Thumb Code    30  pstorage.o(i.pstorage_access_status_get)
    softdevice_assertion_handler             0x0001a973   Thumb Code    12  softdevice_handler.o(i.softdevice_assertion_handler)
    softdevice_ble_evt_handler_set           0x0001a981   Thumb Code    16  softdevice_handler.o(i.softdevice_ble_evt_handler_set)
    softdevice_handler_init                  0x0001a995   Thumb Code    40  softdevice_handler.o(i.softdevice_handler_init)
    uart_event_handle                        0x0001abe5   Thumb Code    92  main.o(i.uart_event_handle)
    Region$$Table$$Base                      0x0001af6c   Number         0  anon$$obj.o(Region$$Table)
    Region$$Table$$Limit                     0x0001af8c   Number         0  anon$$obj.o(Region$$Table)
    SystemCoreClock                          0x20002028   Data           4  system_nrf51.o(.data)
    __stdout                                 0x200020c0   Data           4  retarget.o(.data)
    __initial_sp                             0x20003040   Data           0  arm_startup_nrf51.o(STACK)



==============================================================================

Memory Map of the image

  Image Entry point : 0x000180c1

  Load Region LR_IROM1 (Base: 0x00018000, Size: 0x00003064, Max: 0x00028000, ABSOLUTE)

    Execution Region ER_IROM1 (Base: 0x00018000, Size: 0x00002f8c, Max: 0x00028000, ABSOLUTE)

    Base Addr    Size         Type   Attr      Idx    E Section Name        Object

    0x00018000   0x000000c0   Data   RO          388    RESET               arm_startup_nrf51.o
    0x000180c0   0x00000000   Code   RO         1852  * .ARM.Collect$$$$00000000  mc_p.l(entry.o)
    0x000180c0   0x00000004   Code   RO         2128    .ARM.Collect$$$$00000001  mc_p.l(entry2.o)
    0x000180c4   0x00000004   Code   RO         2131    .ARM.Collect$$$$00000004  mc_p.l(entry5.o)
    0x000180c8   0x00000000   Code   RO         2133    .ARM.Collect$$$$00000008  mc_p.l(entry7b.o)
    0x000180c8   0x00000000   Code   RO         2135    .ARM.Collect$$$$0000000A  mc_p.l(entry8b.o)
    0x000180c8   0x00000008   Code   RO         2136    .ARM.Collect$$$$0000000B  mc_p.l(entry9a.o)
    0x000180d0   0x00000000   Code   RO         2138    .ARM.Collect$$$$0000000D  mc_p.l(entry10a.o)
    0x000180d0   0x00000000   Code   RO         2140    .ARM.Collect$$$$0000000F  mc_p.l(entry11a.o)
    0x000180d0   0x00000004   Code   RO         2129    .ARM.Collect$$$$00002712  mc_p.l(entry2.o)
    0x000180d4   0x0000001e   Code   RO         1591    .emb_text           app_timer.o
    0x000180f2   0x00000002   PAD
    0x000180f4   0x00000038   Code   RO          389    .text               arm_startup_nrf51.o
    0x0001812c   0x0000002c   Code   RO         1855    .text               mc_p.l(uidiv.o)
    0x00018158   0x00000024   Code   RO         1859    .text               mc_p.l(memcpya.o)
    0x0001817c   0x00000024   Code   RO         1861    .text               mc_p.l(memseta.o)
    0x000181a0   0x00000024   Code   RO         2155    .text               mc_p.l(init.o)
    0x000181c4   0x00000108   Code   RO          854    i.GPIOTE_IRQHandler  nrf_drv_gpiote.o
    0x000182cc   0x00000044   Code   RO         1592    i.NVIC_SetPriority  app_timer.o
    0x00018310   0x00000020   Code   RO         1593    i.RTC1_IRQHandler   app_timer.o
    0x00018330   0x00000008   Code   RO         1594    i.SWI0_IRQHandler   app_timer.o
    0x00018338   0x00000024   Code   RO         1790    i.SWI2_IRQHandler   softdevice_handler.o
    0x0001835c   0x00000054   Code   RO          396    i.SystemInit        system_nrf51.o
    0x000183b0   0x00000100   Code   RO         1049    i.UART0_IRQHandler  nrf_drv_uart.o
    0x000184b0   0x00000020   Code   RO         1934    i.__0printf$2       mc_p.l(printf2.o)
    0x000184d0   0x0000001a   Code   RO          334    i.__ARM_common_switch8  bsp.o
    0x000184ea   0x0000000e   Code   RO         2169    i.__scatterload_copy  mc_p.l(handlers.o)
    0x000184f8   0x00000002   Code   RO         2170    i.__scatterload_null  mc_p.l(handlers.o)
    0x000184fa   0x0000000e   Code   RO         2171    i.__scatterload_zeroinit  mc_p.l(handlers.o)
    0x00018508   0x000000ca   Code   RO         1941    i._printf_core      mc_p.l(printf2.o)
    0x000185d2   0x00000216   Code   RO          430    i.adv_data_encode   ble_advdata.o
    0x000187e8   0x0000003c   Code   RO          349    i.advertising_buttons_configure  bsp_btn_ble.o
    0x00018824   0x00000068   Code   RO            3    i.advertising_init  main.o
    0x0001888c   0x00000018   Code   RO          240    i.alert_timer_handler  bsp.o
    0x000188a4   0x00000024   Code   RO         1456    i.app_button_enable  app_button.o
    0x000188c8   0x00000074   Code   RO         1457    i.app_button_init   app_button.o
    0x0001893c   0x00000018   Code   RO         1516    i.app_error_handler  app_error.o
    0x00018954   0x00000016   Code   RO         1538    i.app_fifo_get      app_fifo.o
    0x0001896a   0x00000024   Code   RO         1539    i.app_fifo_init     app_fifo.o
    0x0001898e   0x0000001a   Code   RO         1540    i.app_fifo_put      app_fifo.o
    0x000189a8   0x0000002c   Code   RO         1597    i.app_timer_create  app_timer.o
    0x000189d4   0x00000090   Code   RO         1598    i.app_timer_init    app_timer.o
    0x00018a64   0x0000007c   Code   RO         1599    i.app_timer_start   app_timer.o
    0x00018ae0   0x00000054   Code   RO         1600    i.app_timer_stop    app_timer.o
    0x00018b34   0x00000034   Code   RO          722    i.app_uart_get      app_uart_fifo.o
    0x00018b68   0x000000a0   Code   RO          723    i.app_uart_init     app_uart_fifo.o
    0x00018c08   0x00000028   Code   RO          724    i.app_uart_put      app_uart_fifo.o
    0x00018c30   0x00000068   Code   RO          431    i.ble_advdata_set   ble_advdata.o
    0x00018c98   0x0000011c   Code   RO          504    i.ble_advertising_init  ble_advertising.o
    0x00018db4   0x00000074   Code   RO          505    i.ble_advertising_on_ble_evt  ble_advertising.o
    0x00018e28   0x00000010   Code   RO          508    i.ble_advertising_peer_address_clear  ble_advertising.o
    0x00018e38   0x00000040   Code   RO          509    i.ble_advertising_restart_without_whitelist  ble_advertising.o
    0x00018e78   0x000001e0   Code   RO          510    i.ble_advertising_start  ble_advertising.o
    0x00019058   0x00000054   Code   RO          586    i.ble_conn_params_init  ble_conn_params.o
    0x000190ac   0x00000090   Code   RO          587    i.ble_conn_params_on_ble_evt  ble_conn_params.o
    0x0001913c   0x0000005e   Code   RO          432    i.ble_device_addr_encode  ble_advdata.o
    0x0001919a   0x00000002   PAD
    0x0001919c   0x00000028   Code   RO            5    i.ble_evt_dispatch  main.o
    0x000191c4   0x00000068   Code   RO          648    i.ble_nus_init      ble_nus.o
    0x0001922c   0x00000058   Code   RO          649    i.ble_nus_on_ble_evt  ble_nus.o
    0x00019284   0x00000054   Code   RO          650    i.ble_nus_string_send  ble_nus.o
    0x000192d8   0x00000054   Code   RO          350    i.bsp_btn_ble_init  bsp_btn_ble.o
    0x0001932c   0x00000078   Code   RO          351    i.bsp_btn_ble_on_ble_evt  bsp_btn_ble.o
    0x000193a4   0x00000014   Code   RO          352    i.bsp_btn_ble_sleep_mode_prepare  bsp_btn_ble.o
    0x000193b8   0x000000a0   Code   RO          241    i.bsp_button_event_handler  bsp.o
    0x00019458   0x0000002c   Code   RO          242    i.bsp_button_is_pressed  bsp.o
    0x00019484   0x0000003c   Code   RO            6    i.bsp_event_handler  main.o
    0x000194c0   0x00000048   Code   RO          246    i.bsp_event_to_button_action_assign  bsp.o
    0x00019508   0x0000001c   Code   RO          247    i.bsp_indication_set  bsp.o
    0x00019524   0x000000a0   Code   RO          249    i.bsp_init          bsp.o
    0x000195c4   0x000001ec   Code   RO          250    i.bsp_led_indication  bsp.o
    0x000197b0   0x0000003c   Code   RO          251    i.bsp_wakeup_buttons_set  bsp.o
    0x000197ec   0x0000000c   Code   RO          252    i.button_timer_handler  bsp.o
    0x000197f8   0x0000001c   Code   RO          855    i.channel_free      nrf_drv_gpiote.o
    0x00019814   0x00000048   Code   RO          856    i.channel_port_alloc  nrf_drv_gpiote.o
    0x0001985c   0x00000010   Code   RO          857    i.channel_port_get  nrf_drv_gpiote.o
    0x0001986c   0x000000a8   Code   RO         1602    i.compare_reg_update  app_timer.o
    0x00019914   0x00000088   Code   RO          433    i.conn_int_encode   ble_advdata.o
    0x0001999c   0x0000000c   Code   RO            7    i.conn_params_error_handler  main.o
    0x000199a8   0x00000068   Code   RO          589    i.conn_params_negotiation  ble_conn_params.o
    0x00019a10   0x00000060   Code   RO         1459    i.detection_delay_timeout_handler  app_button.o
    0x00019a70   0x00000040   Code   RO         1603    i.elapsed_ticks_acquire  app_timer.o
    0x00019ab0   0x00000014   Code   RO         1543    i.fifo_get          app_fifo.o
    0x00019ac4   0x00000012   Code   RO         1544    i.fifo_put          app_fifo.o
    0x00019ad6   0x0000000e   Code   RO         1757    i.fputc             retarget.o
    0x00019ae4   0x00000054   Code   RO         1460    i.gpiote_event_handler  app_button.o
    0x00019b38   0x00000080   Code   RO         1791    i.intern_softdevice_events_execute  softdevice_handler.o
    0x00019bb8   0x0000001c   Code   RO          590    i.is_conn_params_ok  ble_conn_params.o
    0x00019bd4   0x00000048   Code   RO          397    i.is_manual_peripheral_setup_needed  system_nrf51.o
    0x00019c1c   0x00000054   Code   RO          434    i.le_role_encode    ble_advdata.o
    0x00019c70   0x00000018   Code   RO          253    i.leds_timer_handler  bsp.o
    0x00019c88   0x000000bc   Code   RO         1604    i.list_deletions_handler  app_timer.o
    0x00019d44   0x000000d4   Code   RO         1605    i.list_insertions_handler  app_timer.o
    0x00019e18   0x000001d8   Code   RO            8    i.main              main.o
    0x00019ff0   0x00000068   Code   RO          435    i.manuf_specific_data_encode  ble_advdata.o
    0x0001a058   0x0000009e   Code   RO          436    i.name_encode       ble_advdata.o
    0x0001a0f6   0x00000002   PAD
    0x0001a0f8   0x00000060   Code   RO          828    i.nrf_drv_common_irq_enable  nrf_drv_common.o
    0x0001a158   0x000000a0   Code   RO          860    i.nrf_drv_gpiote_in_event_enable  nrf_drv_gpiote.o
    0x0001a1f8   0x0000009c   Code   RO          861    i.nrf_drv_gpiote_in_init  nrf_drv_gpiote.o
    0x0001a294   0x00000014   Code   RO          862    i.nrf_drv_gpiote_in_is_set  nrf_drv_gpiote.o
    0x0001a2a8   0x00000054   Code   RO          864    i.nrf_drv_gpiote_init  nrf_drv_gpiote.o
    0x0001a2fc   0x00000010   Code   RO          865    i.nrf_drv_gpiote_is_init  nrf_drv_gpiote.o
    0x0001a30c   0x000000c0   Code   RO         1051    i.nrf_drv_uart_init  nrf_drv_uart.o
    0x0001a3cc   0x000000b4   Code   RO         1052    i.nrf_drv_uart_rx   nrf_drv_uart.o
    0x0001a480   0x00000018   Code   RO         1055    i.nrf_drv_uart_rx_enable  nrf_drv_uart.o
    0x0001a498   0x0000008c   Code   RO         1056    i.nrf_drv_uart_tx   nrf_drv_uart.o
    0x0001a524   0x00000024   Code   RO          877    i.nrf_gpio_cfg      nrf_drv_gpiote.o
    0x0001a548   0x00000024   Code   RO         1059    i.nrf_gpio_cfg      nrf_drv_uart.o
    0x0001a56c   0x00000012   Code   RO         1061    i.nrf_gpio_cfg_input  nrf_drv_uart.o
    0x0001a57e   0x00000014   Code   RO         1062    i.nrf_gpio_cfg_output  nrf_drv_uart.o
    0x0001a592   0x00000002   PAD
    0x0001a594   0x00000020   Code   RO          879    i.nrf_gpio_cfg_sense_set  nrf_drv_gpiote.o
    0x0001a5b4   0x00000014   Code   RO          880    i.nrf_gpiote_event_is_set  nrf_drv_gpiote.o
    0x0001a5c8   0x0000000c   Code   RO         1063    i.nrf_uart_errorsrc_get_and_clear  nrf_drv_uart.o
    0x0001a5d4   0x0000000a   Code   RO         1064    i.nrf_uart_event_check  nrf_drv_uart.o
    0x0001a5de   0x0000000c   Code   RO         1065    i.nrf_uart_hwfc_pins_set  nrf_drv_uart.o
    0x0001a5ea   0x00000010   Code   RO         1066    i.nrf_uart_int_enable_check  nrf_drv_uart.o
    0x0001a5fa   0x0000000c   Code   RO         1067    i.nrf_uart_txrx_pins_set  nrf_drv_uart.o
    0x0001a606   0x00000026   Code   RO            9    i.nus_data_handler  main.o
    0x0001a62c   0x00000024   Code   RO           10    i.on_adv_evt        main.o
    0x0001a650   0x00000070   Code   RO           11    i.on_ble_evt        main.o
    0x0001a6c0   0x00000024   Code   RO           12    i.on_conn_params_evt  main.o
    0x0001a6e4   0x00000016   Code   RO          512    i.peer_address_exists  ble_advertising.o
    0x0001a6fa   0x00000002   PAD
    0x0001a6fc   0x00000014   Code   RO          881    i.pin_in_use_by_gpiote  nrf_drv_gpiote.o
    0x0001a710   0x00000018   Code   RO          882    i.pin_in_use_by_port  nrf_drv_gpiote.o
    0x0001a728   0x00000018   Code   RO          883    i.pin_in_use_by_te  nrf_drv_gpiote.o
    0x0001a740   0x00000028   Code   RO         1229    i.pstorage_access_status_get  pstorage.o
    0x0001a768   0x00000044   Code   RO         1606    i.rtc1_stop         app_timer.o
    0x0001a7ac   0x0000002c   Code   RO         1068    i.rx_byte           nrf_drv_uart.o
    0x0001a7d8   0x0000009a   Code   RO          651    i.rx_char_add       ble_nus.o
    0x0001a872   0x00000002   PAD
    0x0001a874   0x00000020   Code   RO         1069    i.rx_done_event     nrf_drv_uart.o
    0x0001a894   0x0000001c   Code   RO         1070    i.rx_enable         nrf_drv_uart.o
    0x0001a8b0   0x0000008e   Code   RO          437    i.service_data_encode  ble_advdata.o
    0x0001a93e   0x00000034   Code   RO           13    i.sleep_mode_enter  main.o
    0x0001a972   0x0000000c   Code   RO         1792    i.softdevice_assertion_handler  softdevice_handler.o
    0x0001a97e   0x00000002   PAD
    0x0001a980   0x00000014   Code   RO         1793    i.softdevice_ble_evt_handler_set  softdevice_handler.o
    0x0001a994   0x00000030   Code   RO         1794    i.softdevice_handler_init  softdevice_handler.o
    0x0001a9c4   0x00000084   Code   RO         1607    i.timer_list_handler  app_timer.o
    0x0001aa48   0x00000010   Code   RO         1608    i.timer_list_handler_sched  app_timer.o
    0x0001aa58   0x00000040   Code   RO         1609    i.timer_list_insert  app_timer.o
    0x0001aa98   0x00000084   Code   RO         1610    i.timer_timeouts_check  app_timer.o
    0x0001ab1c   0x0000002c   Code   RO         1071    i.tx_byte           nrf_drv_uart.o
    0x0001ab48   0x0000007c   Code   RO          652    i.tx_char_add       ble_nus.o
    0x0001abc4   0x00000020   Code   RO         1072    i.tx_done_event     nrf_drv_uart.o
    0x0001abe4   0x00000068   Code   RO           14    i.uart_event_handle  main.o
    0x0001ac4c   0x000000a4   Code   RO          725    i.uart_event_handler  app_uart_fifo.o
    0x0001acf0   0x0000000a   Code   RO          438    i.uint16_encode     ble_advdata.o
    0x0001acfa   0x00000002   PAD
    0x0001acfc   0x00000064   Code   RO          591    i.update_timeout_handler  ble_conn_params.o
    0x0001ad60   0x00000054   Code   RO         1611    i.user_id_get       app_timer.o
    0x0001adb4   0x00000026   Code   RO         1612    i.user_op_alloc     app_timer.o
    0x0001adda   0x00000030   Code   RO          439    i.uuid_list_encode  ble_advdata.o
    0x0001ae0a   0x000000ae   Code   RO          440    i.uuid_list_sized_encode  ble_advdata.o
    0x0001aeb8   0x00000010   Code   RO          513    i.whitelist_has_entries  ble_advertising.o
    0x0001aec8   0x0000000c   Data   RO           16    .constdata          main.o
    0x0001aed4   0x0000003c   Data   RO          258    .constdata          bsp.o
    0x0001af10   0x00000004   Data   RO          594    .constdata          ble_conn_params.o
    0x0001af14   0x00000010   Data   RO          653    .constdata          ble_nus.o
    0x0001af24   0x00000020   Data   RO          727    .constdata          app_uart_fifo.o
    0x0001af44   0x00000020   Data   RO         1074    .constdata          nrf_drv_uart.o
    0x0001af64   0x00000008   Data   RO         1462    .constdata          app_button.o
    0x0001af6c   0x00000020   Data   RO         2167    Region$$Table       anon$$obj.o


    Execution Region RW_IRAM1 (Base: 0x20002000, Size: 0x00001040, Max: 0x00002000, ABSOLUTE)

    Base Addr    Size         Type   Attr      Idx    E Section Name        Object

    0x20002000   0x00000008   Data   RW           17    .data               main.o
    0x20002008   0x00000018   Data   RW          259    .data               bsp.o
    0x20002020   0x00000008   Data   RW          353    .data               bsp_btn_ble.o
    0x20002028   0x00000004   Data   RW          398    .data               system_nrf51.o
    0x2000202c   0x0000001f   Data   RW          515    .data               ble_advertising.o
    0x2000204b   0x00000001   PAD
    0x2000204c   0x00000014   Data   RW          595    .data               ble_conn_params.o
    0x20002060   0x00000008   Data   RW          728    .data               app_uart_fifo.o
    0x20002068   0x00000024   Data   RW         1254    .data               pstorage.o
    0x2000208c   0x00000014   Data   RW         1463    .data               app_button.o
    0x200020a0   0x00000020   Data   RW         1613    .data               app_timer.o
    0x200020c0   0x00000004   Data   RW         1758    .data               retarget.o
    0x200020c4   0x00000014   Data   RW         1798    .data               softdevice_handler.o
    0x200020d8   0x00000440   Zero   RW           15    .bss                main.o
    0x20002518   0x00000020   Zero   RW          254    .bss                bsp.o
    0x20002538   0x00000020   Zero   RW          255    .bss                bsp.o
    0x20002558   0x0000000c   Zero   RW          256    .bss                bsp.o
    0x20002564   0x00000020   Zero   RW          257    .bss                bsp.o
    0x20002584   0x00000103   Zero   RW          514    .bss                ble_advertising.o
    0x20002687   0x00000001   PAD
    0x20002688   0x00000020   Zero   RW          592    .bss                ble_conn_params.o
    0x200026a8   0x0000001c   Zero   RW          593    .bss                ble_conn_params.o
    0x200026c4   0x00000020   Zero   RW          726    .bss                app_uart_fifo.o
    0x200026e4   0x00000048   Zero   RW          884    .bss                nrf_drv_gpiote.o
    0x2000272c   0x00000018   Zero   RW         1073    .bss                nrf_drv_uart.o
    0x20002744   0x000000d8   Zero   RW         1252    .bss                pstorage.o
    0x2000281c   0x00000020   Zero   RW         1461    .bss                app_button.o
    0x2000283c   0x00000004   PAD
    0x20002840   0x00000800   Zero   RW          386    STACK               arm_startup_nrf51.o


==============================================================================

Image component sizes


      Code (inc. data)   RO Data    RW Data    ZI Data      Debug   Object Name

       332         34          8         20         32       8234   app_button.o
        24          8          0          0          0       6712   app_error.o
       122          0          0          0          0       3682   app_fifo.o
      1700        152          0         32          0      24975   app_timer.o
       416         42         32          8         32      10866   app_uart_fifo.o
        56         18        192          0       2048        692   arm_startup_nrf51.o
      1588          6          0          0          0      16116   ble_advdata.o
       998         36          0         31        259       7084   ble_advertising.o
       460         58          4         20         60      12296   ble_conn_params.o
       554         12         16          0          0       5094   ble_nus.o
      1102        128         60         24        108       8425   bsp.o
       284         10          0          8          0       4241   bsp_btn_ble.o
      1066        116         12          8       1088      91871   main.o
        96         18          0          0          0       7388   nrf_drv_common.o
       972        130          0          0         72      19928   nrf_drv_gpiote.o
      1108        118         32          0         24      22104   nrf_drv_uart.o
        40         10          0         36        216       9325   pstorage.o
        14          0          0          4          0       2578   retarget.o
       244         20          0         20          0       5195   softdevice_handler.o
       156         26          0          4          0       2055   system_nrf51.o

    ----------------------------------------------------------------------
     11348        942        388        216       3944     268861   Object Totals
         0          0         32          0          0          0   (incl. Generated)
        16          0          0          1          5          0   (incl. Padding)

    ----------------------------------------------------------------------

      Code (inc. data)   RO Data    RW Data    ZI Data      Debug   Library Member Name

         0          0          0          0          0          0   entry.o
         0          0          0          0          0          0   entry10a.o
         0          0          0          0          0          0   entry11a.o
         8          4          0          0          0          0   entry2.o
         4          0          0          0          0          0   entry5.o
         0          0          0          0          0          0   entry7b.o
         0          0          0          0          0          0   entry8b.o
         8          4          0          0          0          0   entry9a.o
        30          0          0          0          0          0   handlers.o
        36          8          0          0          0         68   init.o
        36          0          0          0          0         60   memcpya.o
        36          0          0          0          0        100   memseta.o
       234          8          0          0          0        164   printf2.o
        44          0          0          0          0         72   uidiv.o

    ----------------------------------------------------------------------
       436         24          0          0          0        464   Library Totals
         0          0          0          0          0          0   (incl. Padding)

    ----------------------------------------------------------------------

      Code (inc. data)   RO Data    RW Data    ZI Data      Debug   Library Name

       436         24          0          0          0        464   mc_p.l

    ----------------------------------------------------------------------
       436         24          0          0          0        464   Library Totals

    ----------------------------------------------------------------------

==============================================================================


      Code (inc. data)   RO Data    RW Data    ZI Data      Debug   

     11784        966        388        216       3944     263501   Grand Totals
     11784        966        388        216       3944     263501   ELF Image Totals
     11784        966        388        216          0          0   ROM Totals

==============================================================================

    Total RO  Size (Code + RO Data)                12172 (  11.89kB)
    Total RW  Size (RW Data + ZI Data)              4160 (   4.06kB)
    Total ROM Size (Code + RO Data + RW Data)      12388 (  12.10kB)

==============================================================================

